Archive member included because of file (symbol)

c:/program files (x86)/atmel/studio/7.0/toolchain/arm/arm-gnu-toolchain/bin/../lib/gcc/arm-none-eabi/4.9.3/armv6-m\libgcc.a(_udivsi3.o)
                              src/ASF/sam0/drivers/system/clock/clock_samd09_d10_d11/clock.o (__aeabi_uidiv)
c:/program files (x86)/atmel/studio/7.0/toolchain/arm/arm-gnu-toolchain/bin/../lib/gcc/arm-none-eabi/4.9.3/armv6-m\libgcc.a(_dvmd_tls.o)
                              c:/program files (x86)/atmel/studio/7.0/toolchain/arm/arm-gnu-toolchain/bin/../lib/gcc/arm-none-eabi/4.9.3/armv6-m\libgcc.a(_udivsi3.o) (__aeabi_idiv0)
c:/program files (x86)/atmel/studio/7.0/toolchain/arm/arm-gnu-toolchain/bin/../lib/gcc/arm-none-eabi/4.9.3/../../../../arm-none-eabi/lib/armv6-m\libc_nano.a(lib_a-exit.o)
                              c:/program files (x86)/atmel/studio/7.0/toolchain/arm/arm-gnu-toolchain/bin/../lib/gcc/arm-none-eabi/4.9.3/../../../../arm-none-eabi/lib/armv6-m/crt0.o (exit)
c:/program files (x86)/atmel/studio/7.0/toolchain/arm/arm-gnu-toolchain/bin/../lib/gcc/arm-none-eabi/4.9.3/../../../../arm-none-eabi/lib/armv6-m\libc_nano.a(lib_a-impure.o)
                              c:/program files (x86)/atmel/studio/7.0/toolchain/arm/arm-gnu-toolchain/bin/../lib/gcc/arm-none-eabi/4.9.3/../../../../arm-none-eabi/lib/armv6-m\libc_nano.a(lib_a-exit.o) (_global_impure_ptr)
c:/program files (x86)/atmel/studio/7.0/toolchain/arm/arm-gnu-toolchain/bin/../lib/gcc/arm-none-eabi/4.9.3/../../../../arm-none-eabi/lib/armv6-m\libc_nano.a(lib_a-init.o)
                              c:/program files (x86)/atmel/studio/7.0/toolchain/arm/arm-gnu-toolchain/bin/../lib/gcc/arm-none-eabi/4.9.3/../../../../arm-none-eabi/lib/armv6-m/crt0.o (__libc_init_array)
c:/program files (x86)/atmel/studio/7.0/toolchain/arm/arm-gnu-toolchain/bin/../lib/gcc/arm-none-eabi/4.9.3/../../../../arm-none-eabi/lib/armv6-m\libc_nano.a(lib_a-memset.o)
                              c:/program files (x86)/atmel/studio/7.0/toolchain/arm/arm-gnu-toolchain/bin/../lib/gcc/arm-none-eabi/4.9.3/../../../../arm-none-eabi/lib/armv6-m/crt0.o (memset)
c:/program files (x86)/atmel/studio/7.0/toolchain/arm/arm-gnu-toolchain/bin/../lib/gcc/arm-none-eabi/4.9.3/../../../../arm-none-eabi/lib/armv6-m\libc_nano.a(lib_a-printf.o)
                              src/ASF/sam0/utils/syscalls/gcc/syscalls.o (printf)
c:/program files (x86)/atmel/studio/7.0/toolchain/arm/arm-gnu-toolchain/bin/../lib/gcc/arm-none-eabi/4.9.3/../../../../arm-none-eabi/lib/armv6-m\libc_nano.a(lib_a-findfp.o)
                              c:/program files (x86)/atmel/studio/7.0/toolchain/arm/arm-gnu-toolchain/bin/../lib/gcc/arm-none-eabi/4.9.3/../../../../arm-none-eabi/lib/armv6-m\libc_nano.a(lib_a-printf.o) (__sinit)
c:/program files (x86)/atmel/studio/7.0/toolchain/arm/arm-gnu-toolchain/bin/../lib/gcc/arm-none-eabi/4.9.3/../../../../arm-none-eabi/lib/armv6-m\libc_nano.a(lib_a-fwalk.o)
                              c:/program files (x86)/atmel/studio/7.0/toolchain/arm/arm-gnu-toolchain/bin/../lib/gcc/arm-none-eabi/4.9.3/../../../../arm-none-eabi/lib/armv6-m\libc_nano.a(lib_a-findfp.o) (_fwalk)
c:/program files (x86)/atmel/studio/7.0/toolchain/arm/arm-gnu-toolchain/bin/../lib/gcc/arm-none-eabi/4.9.3/../../../../arm-none-eabi/lib/armv6-m\libc_nano.a(lib_a-nano-mallocr.o)
                              c:/program files (x86)/atmel/studio/7.0/toolchain/arm/arm-gnu-toolchain/bin/../lib/gcc/arm-none-eabi/4.9.3/../../../../arm-none-eabi/lib/armv6-m\libc_nano.a(lib_a-findfp.o) (_malloc_r)
c:/program files (x86)/atmel/studio/7.0/toolchain/arm/arm-gnu-toolchain/bin/../lib/gcc/arm-none-eabi/4.9.3/../../../../arm-none-eabi/lib/armv6-m\libc_nano.a(lib_a-nano-vfprintf.o)
                              c:/program files (x86)/atmel/studio/7.0/toolchain/arm/arm-gnu-toolchain/bin/../lib/gcc/arm-none-eabi/4.9.3/../../../../arm-none-eabi/lib/armv6-m\libc_nano.a(lib_a-printf.o) (_vfprintf_r)
c:/program files (x86)/atmel/studio/7.0/toolchain/arm/arm-gnu-toolchain/bin/../lib/gcc/arm-none-eabi/4.9.3/../../../../arm-none-eabi/lib/armv6-m\libc_nano.a(lib_a-nano-vfprintf_i.o)
                              c:/program files (x86)/atmel/studio/7.0/toolchain/arm/arm-gnu-toolchain/bin/../lib/gcc/arm-none-eabi/4.9.3/../../../../arm-none-eabi/lib/armv6-m\libc_nano.a(lib_a-nano-vfprintf.o) (_printf_i)
c:/program files (x86)/atmel/studio/7.0/toolchain/arm/arm-gnu-toolchain/bin/../lib/gcc/arm-none-eabi/4.9.3/../../../../arm-none-eabi/lib/armv6-m\libc_nano.a(lib_a-sbrkr.o)
                              c:/program files (x86)/atmel/studio/7.0/toolchain/arm/arm-gnu-toolchain/bin/../lib/gcc/arm-none-eabi/4.9.3/../../../../arm-none-eabi/lib/armv6-m\libc_nano.a(lib_a-nano-mallocr.o) (_sbrk_r)
c:/program files (x86)/atmel/studio/7.0/toolchain/arm/arm-gnu-toolchain/bin/../lib/gcc/arm-none-eabi/4.9.3/../../../../arm-none-eabi/lib/armv6-m\libc_nano.a(lib_a-stdio.o)
[...]
Memory Configuration

Name             Origin             Length             Attributes
rom              0x00000000         0x00002000         xr
ram              0x20000000         0x00001000         xrw
*default*        0x00000000         0xffffffff

Linker script and memory map

LOAD c:/program files (x86)/atmel/studio/7.0/toolchain/arm/arm-gnu-toolchain/bin/../lib/gcc/arm-none-eabi/4.9.3/armv6-m/crti.o
LOAD c:/program files (x86)/atmel/studio/7.0/toolchain/arm/arm-gnu-toolchain/bin/../lib/gcc/arm-none-eabi/4.9.3/armv6-m/crtbegin.o
LOAD c:/program files (x86)/atmel/studio/7.0/toolchain/arm/arm-gnu-toolchain/bin/../lib/gcc/arm-none-eabi/4.9.3/../../../../arm-none-eabi/lib/armv6-m/crt0.o
LOAD Device_Startup/startup_samd09.o
LOAD Device_Startup/system_samd09.o
LOAD src/ASF/common/utils/interrupt/interrupt_sam_nvic.o
LOAD src/ASF/sam0/drivers/port/port.o
LOAD src/ASF/sam0/drivers/system/clock/clock_samd09_d10_d11/clock.o
LOAD src/ASF/sam0/drivers/system/clock/clock_samd09_d10_d11/gclk.o
LOAD src/ASF/sam0/drivers/system/interrupt/system_interrupt.o
LOAD src/ASF/sam0/drivers/system/pinmux/pinmux.o
LOAD src/ASF/sam0/drivers/system/system.o
LOAD src/ASF/sam0/utils/syscalls/gcc/syscalls.o
LOAD src/main.o
START GROUP
LOAD ../src/ASF/thirdparty/CMSIS/Lib/GCC\libarm_cortexM0l_math.a
LOAD c:/program files (x86)/atmel/studio/7.0/toolchain/arm/arm-gnu-toolchain/bin/../lib/gcc/arm-none-eabi/4.9.3/../../../../arm-none-eabi/lib/armv6-m\libm.a
END GROUP
START GROUP
LOAD c:/program files (x86)/atmel/studio/7.0/toolchain/arm/arm-gnu-toolchain/bin/../lib/gcc/arm-none-eabi/4.9.3/armv6-m\libgcc.a
LOAD c:/program files (x86)/atmel/studio/7.0/toolchain/arm/arm-gnu-toolchain/bin/../lib/gcc/arm-none-eabi/4.9.3/../../../../arm-none-eabi/lib/armv6-m\libc_nano.a
END GROUP
START GROUP
LOAD c:/program files (x86)/atmel/studio/7.0/toolchain/arm/arm-gnu-toolchain/bin/../lib/gcc/arm-none-eabi/4.9.3/armv6-m\libgcc.a
LOAD c:/program files (x86)/atmel/studio/7.0/toolchain/arm/arm-gnu-toolchain/bin/../lib/gcc/arm-none-eabi/4.9.3/../../../../arm-none-eabi/lib/armv6-m\libc_nano.a
END GROUP
LOAD c:/program files (x86)/atmel/studio/7.0/toolchain/arm/arm-gnu-toolchain/bin/../lib/gcc/arm-none-eabi/4.9.3/armv6-m/crtend.o
LOAD c:/program files (x86)/atmel/studio/7.0/toolchain/arm/arm-gnu-toolchain/bin/../lib/gcc/arm-none-eabi/4.9.3/armv6-m/crtn.o
                0x00000400                STACK_SIZE = DEFINED (STACK_SIZE)?STACK_SIZE:DEFINED (__stack_size__)?__stack_size__:0x400

.text           0x00000000      0xa30
                0x00000000                . = ALIGN (0x4)
                0x00000000                _sfixed = .
 *(.vectors .vectors.*)
 .vectors       0x00000000       0x8c Device_Startup/startup_samd09.o
                0x00000000                exception_table
 *(.text .text.* .gnu.linkonce.t.*)
 .text          0x0000008c       0x60 c:/program files (x86)/atmel/studio/7.0/toolchain/arm/arm-gnu-toolchain/bin/../lib/gcc/arm-none-eabi/4.9.3/armv6-m/crtbegin.o
 .text.Dummy_Handler
                0x000000ec        0x4 Device_Startup/startup_samd09.o
                0x000000ec                DMAC_Handler
                0x000000ec                HardFault_Handler
                0x000000ec                TC2_Handler
                0x000000ec                PendSV_Handler
                0x000000ec                NMI_Handler
                0x000000ec                SERCOM1_Handler
                0x000000ec                ADC_Handler
                0x000000ec                RTC_Handler
                0x000000ec                EIC_Handler
                0x000000ec                WDT_Handler
                0x000000ec                TC1_Handler
                0x000000ec                Dummy_Handler
                0x000000ec                PM_Handler
                0x000000ec                SVC_Handler
                0x000000ec                EVSYS_Handler
                0x000000ec                NVMCTRL_Handler
                0x000000ec                SERCOM0_Handler
                0x000000ec                PTC_Handler
                0x000000ec                SYSCTRL_Handler
 .text.Reset_Handler
                0x000000f0       0xe8 Device_Startup/startup_samd09.o
                0x000000f0                Reset_Handler
 .text.SystemInit
                0x000001d8       0x10 Device_Startup/system_samd09.o
                0x000001d8                SystemInit
 .text.cpu_irq_enter_critical
                0x000001e8       0x40 src/ASF/common/utils/interrupt/interrupt_sam_nvic.o
                0x000001e8                cpu_irq_enter_critical
 .text.cpu_irq_leave_critical
                0x00000228       0x30 src/ASF/common/utils/interrupt/interrupt_sam_nvic.o
                0x00000228                cpu_irq_leave_critical
 .text.port_pin_set_config
                0x00000258       0x24 src/ASF/sam0/drivers/port/port.o
                0x00000258                port_pin_set_config
 .text.port_group_set_config
                0x0000027c       0x24 src/ASF/sam0/drivers/port/port.o
                0x0000027c                port_group_set_config
 .text.system_clock_source_osc8m_set_config
                0x000002a0       0x3c src/ASF/sam0/drivers/system/clock/clock_samd09_d10_d11/clock.o
                0x000002a0                system_clock_source_osc8m_set_config
 .text.system_clock_source_enable
                0x000002dc       0xa8 src/ASF/sam0/drivers/system/clock/clock_samd09_d10_d11/clock.o
                0x000002dc                system_clock_source_enable
 .text.system_clock_init
                0x00000384       0x98 src/ASF/sam0/drivers/system/clock/clock_samd09_d10_d11/clock.o
                0x00000384                system_clock_init
 .text.system_gclk_init
                0x0000041c       0x24 src/ASF/sam0/drivers/system/clock/clock_samd09_d10_d11/gclk.o
                0x0000041c                system_gclk_init
 .text.system_gclk_gen_set_config
                0x00000440       0xb8 src/ASF/sam0/drivers/system/clock/clock_samd09_d10_d11/gclk.o
                0x00000440                system_gclk_gen_set_config
 .text.system_gclk_gen_enable
                0x000004f8       0x44 src/ASF/sam0/drivers/system/clock/clock_samd09_d10_d11/gclk.o
                0x000004f8                system_gclk_gen_enable
 .text.system_gclk_chan_disable
                0x0000053c       0x5c src/ASF/sam0/drivers/system/clock/clock_samd09_d10_d11/gclk.o
                0x0000053c                system_gclk_chan_disable
 .text.system_gclk_chan_set_config
                0x00000598       0x1c src/ASF/sam0/drivers/system/clock/clock_samd09_d10_d11/gclk.o
                0x00000598                system_gclk_chan_set_config
 .text._system_pinmux_config
                0x000005b4       0xa8 src/ASF/sam0/drivers/system/pinmux/pinmux.o
 .text.system_pinmux_pin_set_config
                0x0000065c       0x30 src/ASF/sam0/drivers/system/pinmux/pinmux.o
                0x0000065c                system_pinmux_pin_set_config
 .text.system_pinmux_group_set_config
                0x0000068c       0x30 src/ASF/sam0/drivers/system/pinmux/pinmux.o
                0x0000068c                system_pinmux_group_set_config
 .text.SysTick_Handler
                0x000006bc      0x15c src/main.o
                0x000006bc                SysTick_Handler
 .text.main     0x00000818       0x64 src/main.o
                0x00000818                main
 .text          0x0000087c      0x120 c:/program files (x86)/atmel/studio/7.0/toolchain/arm/arm-gnu-toolchain/bin/../lib/gcc/arm-none-eabi/4.9.3/armv6-m\libgcc.a(_udivsi3.o)
                0x0000087c                __aeabi_uidiv
                0x0000087c                __udivsi3
                0x00000988                __aeabi_uidivmod
 .text          0x0000099c        0x4 c:/program files (x86)/atmel/studio/7.0/toolchain/arm/arm-gnu-toolchain/bin/../lib/gcc/arm-none-eabi/4.9.3/armv6-m\libgcc.a(_dvmd_tls.o)
                0x0000099c                __aeabi_idiv0
                0x0000099c                __aeabi_ldiv0
 .text.__libc_init_array
                0x000009a0       0x4c c:/program files (x86)/atmel/studio/7.0/toolchain/arm/arm-gnu-toolchain/bin/../lib/gcc/arm-none-eabi/4.9.3/../../../../arm-none-eabi/lib/armv6-m\libc_nano.a(lib_a-init.o)
                0x000009a0                __libc_init_array
 *(.glue_7t)
 .glue_7t       0x00000000        0x0 linker stubs
 *(.glue_7)
 .glue_7        0x00000000        0x0 linker stubs
 *(.rodata .rodata* .gnu.linkonce.r.*)
 .rodata.system_clock_source_enable
                0x000009ec       0x24 src/ASF/sam0/drivers/system/clock/clock_samd09_d10_d11/clock.o
 *(.ARM.extab* .gnu.linkonce.armextab.*)
                0x00000a10                . = ALIGN (0x4)
 *(.init)
 .init          0x00000a10        0x4 c:/program files (x86)/atmel/studio/7.0/toolchain/arm/arm-gnu-toolchain/bin/../lib/gcc/arm-none-eabi/4.9.3/armv6-m/crti.o
                0x00000a10                _init
 .init          0x00000a14        0x8 c:/program files (x86)/atmel/studio/7.0/toolchain/arm/arm-gnu-toolchain/bin/../lib/gcc/arm-none-eabi/4.9.3/armv6-m/crtn.o
                0x00000a1c                . = ALIGN (0x4)
                0x00000a1c                __preinit_array_start = .
 *(.preinit_array)
                0x00000a1c                __preinit_array_end = .
                0x00000a1c                . = ALIGN (0x4)
                0x00000a1c                __init_array_start = .
 *(SORT(.init_array.*))
 *(.init_array)
 .init_array    0x00000a1c        0x4 c:/program files (x86)/atmel/studio/7.0/toolchain/arm/arm-gnu-toolchain/bin/../lib/gcc/arm-none-eabi/4.9.3/armv6-m/crtbegin.o
                0x00000a20                __init_array_end = .
                0x00000a20                . = ALIGN (0x4)
 *crtbegin.o(.ctors)
 *(EXCLUDE_FILE(*crtend.o) .ctors)
 *(SORT(.ctors.*))
 *crtend.o(.ctors)
                0x00000a20                . = ALIGN (0x4)
 *(.fini)
 .fini          0x00000a20        0x4 c:/program files (x86)/atmel/studio/7.0/toolchain/arm/arm-gnu-toolchain/bin/../lib/gcc/arm-none-eabi/4.9.3/armv6-m/crti.o
                0x00000a20                _fini
 .fini          0x00000a24        0x8 c:/program files (x86)/atmel/studio/7.0/toolchain/arm/arm-gnu-toolchain/bin/../lib/gcc/arm-none-eabi/4.9.3/armv6-m/crtn.o
                0x00000a2c                . = ALIGN (0x4)
                0x00000a2c                __fini_array_start = .
 *(.fini_array)
 .fini_array    0x00000a2c        0x4 c:/program files (x86)/atmel/studio/7.0/toolchain/arm/arm-gnu-toolchain/bin/../lib/gcc/arm-none-eabi/4.9.3/armv6-m/crtbegin.o
 *(SORT(.fini_array.*))
                0x00000a30                __fini_array_end = .
 *crtbegin.o(.dtors)
 *(EXCLUDE_FILE(*crtend.o) .dtors)
 *(SORT(.dtors.*))
 *crtend.o(.dtors)
                0x00000a30                . = ALIGN (0x4)
                0x00000a30                _efixed = .
                0x00000a30                PROVIDE (__exidx_start, .)

.vfp11_veneer   0x00000a30        0x0
 .vfp11_veneer  0x00000000        0x0 linker stubs

.v4_bx          0x00000a30        0x0
 .v4_bx         0x00000000        0x0 linker stubs

.iplt           0x00000a30        0x0
 .iplt          0x00000000        0x0 c:/program files (x86)/atmel/studio/7.0/toolchain/arm/arm-gnu-toolchain/bin/../lib/gcc/arm-none-eabi/4.9.3/armv6-m/crtbegin.o

.eh_frame       0x00000a30        0x0
 .eh_frame      0x00000a30        0x0 c:/program files (x86)/atmel/studio/7.0/toolchain/arm/arm-gnu-toolchain/bin/../lib/gcc/arm-none-eabi/4.9.3/armv6-m/crtbegin.o

.rel.dyn        0x00000a30        0x0
 .rel.iplt      0x00000000        0x0 c:/program files (x86)/atmel/studio/7.0/toolchain/arm/arm-gnu-toolchain/bin/../lib/gcc/arm-none-eabi/4.9.3/armv6-m/crtbegin.o

.jcr            0x00000a30        0x0
 .jcr           0x00000a30        0x0 c:/program files (x86)/atmel/studio/7.0/toolchain/arm/arm-gnu-toolchain/bin/../lib/gcc/arm-none-eabi/4.9.3/armv6-m/crtbegin.o

.igot.plt       0x00000a30        0x0
 .igot.plt      0x00000000        0x0 c:/program files (x86)/atmel/studio/7.0/toolchain/arm/arm-gnu-toolchain/bin/../lib/gcc/arm-none-eabi/4.9.3/armv6-m/crtbegin.o

.ARM.exidx
 *(.ARM.exidx* .gnu.linkonce.armexidx.*)
                0x00000a30                PROVIDE (__exidx_end, .)
                0x00000a30                . = ALIGN (0x4)
                0x00000a30                _etext = .

.relocate       0x20000000        0x8 load address 0x00000a30
                0x20000000                . = ALIGN (0x4)
                0x20000000                _srelocate = .
 *(.ramfunc .ramfunc.*)
 *(.data .data.*)
 .data.SystemCoreClock
                0x20000000        0x4 Device_Startup/system_samd09.o
                0x20000000                SystemCoreClock
 .data.g_interrupt_enabled
                0x20000004        0x1 src/ASF/common/utils/interrupt/interrupt_sam_nvic.o
                0x20000004                g_interrupt_enabled
                0x20000008                . = ALIGN (0x4)
 *fill*         0x20000005        0x3 
                0x20000008                _erelocate = .

.bss            0x20000008       0x40 load address 0x00000a38
                0x20000008                . = ALIGN (0x4)
                0x20000008                _sbss = .
                0x20000008                _szero = .
 *(.bss .bss.*)
 .bss           0x20000008       0x1c c:/program files (x86)/atmel/studio/7.0/toolchain/arm/arm-gnu-toolchain/bin/../lib/gcc/arm-none-eabi/4.9.3/armv6-m/crtbegin.o
 .bss.cpu_irq_critical_section_counter
                0x20000024        0x4 src/ASF/common/utils/interrupt/interrupt_sam_nvic.o
 .bss.cpu_irq_prev_interrupt_state
                0x20000028        0x1 src/ASF/common/utils/interrupt/interrupt_sam_nvic.o
 *fill*         0x20000029        0x3 
 .bss._system_clock_inst
                0x2000002c       0x18 src/ASF/sam0/drivers/system/clock/clock_samd09_d10_d11/clock.o
 .bss.counter   0x20000044        0x2 src/main.o
                0x20000044                counter
 *(COMMON)
                0x20000048                . = ALIGN (0x4)
 *fill*         0x20000046        0x2 
                0x20000048                _ebss = .
                0x20000048                _ezero = .

.stack          0x20000048      0x400 load address 0x00000a78
                0x20000048                . = ALIGN (0x8)
                0x20000048                _sstack = .
                0x20000448                . = (. + STACK_SIZE)
 *fill*         0x20000048      0x400 
                0x20000448                . = ALIGN (0x8)
                0x20000448                _estack = .
                0x20000448                . = ALIGN (0x4)
                0x20000448                _end = .
OUTPUT(Retrokit_Firmware_RevA.elf elf32-littlearm)

.ARM.attributes
                0x00000000       0x28
 .ARM.attributes
                0x00000000       0x1e c:/program files (x86)/atmel/studio/7.0/toolchain/arm/arm-gnu-toolchain/bin/../lib/gcc/arm-none-eabi/4.9.3/armv6-m/crti.o
 .ARM.attributes
                0x0000001e       0x2c c:/program files (x86)/atmel/studio/7.0/toolchain/arm/arm-gnu-toolchain/bin/../lib/gcc/arm-none-eabi/4.9.3/armv6-m/crtbegin.o
 .ARM.attributes
                0x0000004a       0x32 Device_Startup/startup_samd09.o
 .ARM.attributes
                0x0000007c       0x32 Device_Startup/system_samd09.o
 .ARM.attributes
                0x000000ae       0x32 src/ASF/common/utils/interrupt/interrupt_sam_nvic.o
 .ARM.attributes
                0x000000e0       0x32 src/ASF/sam0/drivers/port/port.o
 .ARM.attributes
                0x00000112       0x32 src/ASF/sam0/drivers/system/clock/clock_samd09_d10_d11/clock.o
 .ARM.attributes
                0x00000144       0x32 src/ASF/sam0/drivers/system/clock/clock_samd09_d10_d11/gclk.o
 .ARM.attributes
                0x00000176       0x32 src/ASF/sam0/drivers/system/pinmux/pinmux.o
 .ARM.attributes
                0x000001a8       0x32 src/main.o
 .ARM.attributes
                0x000001da       0x1e c:/program files (x86)/atmel/studio/7.0/toolchain/arm/arm-gnu-toolchain/bin/../lib/gcc/arm-none-eabi/4.9.3/armv6-m\libgcc.a(_udivsi3.o)
 .ARM.attributes
                0x000001f8       0x1e c:/program files (x86)/atmel/studio/7.0/toolchain/arm/arm-gnu-toolchain/bin/../lib/gcc/arm-none-eabi/4.9.3/armv6-m\libgcc.a(_dvmd_tls.o)
 .ARM.attributes
                0x00000216       0x2c c:/program files (x86)/atmel/studio/7.0/toolchain/arm/arm-gnu-toolchain/bin/../lib/gcc/arm-none-eabi/4.9.3/../../../../arm-none-eabi/lib/armv6-m\libc_nano.a(lib_a-init.o)
 .ARM.attributes
                0x00000242       0x1e c:/program files (x86)/atmel/studio/7.0/toolchain/arm/arm-gnu-toolchain/bin/../lib/gcc/arm-none-eabi/4.9.3/armv6-m/crtn.o

.comment        0x00000000       0x5b
 .comment       0x00000000       0x5b Device_Startup/startup_samd09.o
                                 0x5c (size before relaxing)
 .comment       0x00000000       0x5c Device_Startup/system_samd09.o
 .comment       0x00000000       0x5c src/ASF/common/utils/interrupt/interrupt_sam_nvic.o
 .comment       0x00000000       0x5c src/ASF/sam0/drivers/port/port.o
 .comment       0x00000000       0x5c src/ASF/sam0/drivers/system/clock/clock_samd09_d10_d11/clock.o
 .comment       0x00000000       0x5c src/ASF/sam0/drivers/system/clock/clock_samd09_d10_d11/gclk.o
 .comment       0x00000000       0x5c src/ASF/sam0/drivers/system/pinmux/pinmux.o
 .comment       0x00000000       0x5c src/main.o

.debug_info     0x00000000     0x88e2
 .debug_info    0x00000000     0x1a7c Device_Startup/startup_samd09.o
 .debug_info    0x00001a7c       0xcd Device_Startup/system_samd09.o
 .debug_info    0x00001b49      0x1ec src/ASF/common/utils/interrupt/interrupt_sam_nvic.o
 .debug_info    0x00001d35      0x966 src/ASF/sam0/drivers/port/port.o
 .debug_info    0x0000269b     0x2c1b src/ASF/sam0/drivers/system/clock/clock_samd09_d10_d11/clock.o
 .debug_info    0x000052b6     0x1479 src/ASF/sam0/drivers/system/clock/clock_samd09_d10_d11/gclk.o
 .debug_info    0x0000672f      0xa44 src/ASF/sam0/drivers/system/pinmux/pinmux.o
 .debug_info    0x00007173     0x176f src/main.o

.debug_abbrev   0x00000000     0x1139
 .debug_abbrev  0x00000000      0x1dd Device_Startup/startup_samd09.o
 .debug_abbrev  0x000001dd       0x65 Device_Startup/system_samd09.o
 .debug_abbrev  0x00000242       0xf6 src/ASF/common/utils/interrupt/interrupt_sam_nvic.o
 .debug_abbrev  0x00000338      0x1da src/ASF/sam0/drivers/port/port.o
 .debug_abbrev  0x00000512      0x3ba src/ASF/sam0/drivers/system/clock/clock_samd09_d10_d11/clock.o
 .debug_abbrev  0x000008cc      0x327 src/ASF/sam0/drivers/system/clock/clock_samd09_d10_d11/gclk.o
 .debug_abbrev  0x00000bf3      0x27a src/ASF/sam0/drivers/system/pinmux/pinmux.o
 .debug_abbrev  0x00000e6d      0x2cc src/main.o

.debug_loc      0x00000000     0x1bd4
 .debug_loc     0x00000000       0x20 Device_Startup/startup_samd09.o
 .debug_loc     0x00000020       0x1e src/ASF/common/utils/interrupt/interrupt_sam_nvic.o
 .debug_loc     0x0000003e      0x16d src/ASF/sam0/drivers/port/port.o
 .debug_loc     0x000001ab      0xf45 src/ASF/sam0/drivers/system/clock/clock_samd09_d10_d11/clock.o
 .debug_loc     0x000010f0      0x51e src/ASF/sam0/drivers/system/clock/clock_samd09_d10_d11/gclk.o
 .debug_loc     0x0000160e      0x32f src/ASF/sam0/drivers/system/pinmux/pinmux.o
 .debug_loc     0x0000193d      0x297 src/main.o

.debug_aranges  0x00000000      0x1f8
 .debug_aranges
                0x00000000       0x28 Device_Startup/startup_samd09.o
 .debug_aranges
                0x00000028       0x28 Device_Startup/system_samd09.o
 .debug_aranges
                0x00000050       0x28 src/ASF/common/utils/interrupt/interrupt_sam_nvic.o
 .debug_aranges
                0x00000078       0x28 src/ASF/sam0/drivers/port/port.o
 .debug_aranges
                0x000000a0       0x78 src/ASF/sam0/drivers/system/clock/clock_samd09_d10_d11/clock.o
 .debug_aranges
                0x00000118       0x80 src/ASF/sam0/drivers/system/clock/clock_samd09_d10_d11/gclk.o
 .debug_aranges
                0x00000198       0x38 src/ASF/sam0/drivers/system/pinmux/pinmux.o
 .debug_aranges
                0x000001d0       0x28 src/main.o

.debug_ranges   0x00000000      0x178
 .debug_ranges  0x00000000       0x18 Device_Startup/startup_samd09.o
 .debug_ranges  0x00000018       0x18 Device_Startup/system_samd09.o
 .debug_ranges  0x00000030       0x18 src/ASF/common/utils/interrupt/interrupt_sam_nvic.o
 .debug_ranges  0x00000048       0x18 src/ASF/sam0/drivers/port/port.o
 .debug_ranges  0x00000060       0x68 src/ASF/sam0/drivers/system/clock/clock_samd09_d10_d11/clock.o
 .debug_ranges  0x000000c8       0x70 src/ASF/sam0/drivers/system/clock/clock_samd09_d10_d11/gclk.o
 .debug_ranges  0x00000138       0x28 src/ASF/sam0/drivers/system/pinmux/pinmux.o
 .debug_ranges  0x00000160       0x18 src/main.o

.debug_macro    0x00000000     0xe3d2
 .debug_macro   0x00000000      0x22c Device_Startup/startup_samd09.o
 .debug_macro   0x0000022c      0x83e Device_Startup/startup_samd09.o
 .debug_macro   0x00000a6a       0x22 Device_Startup/startup_samd09.o
 .debug_macro   0x00000a8c       0x44 Device_Startup/startup_samd09.o
 .debug_macro   0x00000ad0       0x58 Device_Startup/startup_samd09.o
 .debug_macro   0x00000b28       0x22 Device_Startup/startup_samd09.o
 .debug_macro   0x00000b4a      0x1df Device_Startup/startup_samd09.o
 .debug_macro   0x00000d29       0x3a Device_Startup/startup_samd09.o
 .debug_macro   0x00000d63       0x3a Device_Startup/startup_samd09.o
 .debug_macro   0x00000d9d       0x1f Device_Startup/startup_samd09.o
 .debug_macro   0x00000dbc      0x250 Device_Startup/startup_samd09.o
 .debug_macro   0x0000100c      0x8bf Device_Startup/startup_samd09.o
 .debug_macro   0x000018cb      0xc1a Device_Startup/startup_samd09.o
 .debug_macro   0x000024e5      0x5b8 Device_Startup/startup_samd09.o
 .debug_macro   0x00002a9d      0x7c8 Device_Startup/startup_samd09.o
 .debug_macro   0x00003265      0x4e3 Device_Startup/startup_samd09.o
 .debug_macro   0x00003748      0x3a9 Device_Startup/startup_samd09.o
 .debug_macro   0x00003af1      0x197 Device_Startup/startup_samd09.o
 .debug_macro   0x00003c88      0x225 Device_Startup/startup_samd09.o
 .debug_macro   0x00003ead      0x743 Device_Startup/startup_samd09.o
 .debug_macro   0x000045f0       0x5e Device_Startup/startup_samd09.o
 .debug_macro   0x0000464e      0x5d8 Device_Startup/startup_samd09.o
 .debug_macro   0x00004c26      0x3b6 Device_Startup/startup_samd09.o
 .debug_macro   0x00004fdc      0xc55 Device_Startup/startup_samd09.o
 .debug_macro   0x00005c31     0x1092 Device_Startup/startup_samd09.o
 .debug_macro   0x00006cc3      0xc19 Device_Startup/startup_samd09.o
 .debug_macro   0x000078dc      0x6bf Device_Startup/startup_samd09.o
 .debug_macro   0x00007f9b      0x34e Device_Startup/startup_samd09.o
 .debug_macro   0x000082e9       0xa0 Device_Startup/startup_samd09.o
 .debug_macro   0x00008389       0xca Device_Startup/startup_samd09.o
 .debug_macro   0x00008453       0xb8 Device_Startup/startup_samd09.o
 .debug_macro   0x0000850b       0x58 Device_Startup/startup_samd09.o
 .debug_macro   0x00008563      0x222 Device_Startup/startup_samd09.o
 .debug_macro   0x00008785       0x82 Device_Startup/startup_samd09.o
 .debug_macro   0x00008807      0x197 Device_Startup/startup_samd09.o
 .debug_macro   0x0000899e       0xa0 Device_Startup/startup_samd09.o
 .debug_macro   0x00008a3e       0xbe Device_Startup/startup_samd09.o
 .debug_macro   0x00008afc       0x1c Device_Startup/startup_samd09.o
 .debug_macro   0x00008b18       0x1c Device_Startup/startup_samd09.o
 .debug_macro   0x00008b34       0x1c Device_Startup/startup_samd09.o
 .debug_macro   0x00008b50       0x82 Device_Startup/startup_samd09.o
 .debug_macro   0x00008bd2      0x112 Device_Startup/startup_samd09.o
 .debug_macro   0x00008ce4       0xdc Device_Startup/startup_samd09.o
 .debug_macro   0x00008dc0      0x12f Device_Startup/startup_samd09.o
 .debug_macro   0x00008eef      0x12f Device_Startup/startup_samd09.o
 .debug_macro   0x0000901e      0x11e Device_Startup/startup_samd09.o
 .debug_macro   0x0000913c       0xe2 Device_Startup/startup_samd09.o
 .debug_macro   0x0000921e       0xe2 Device_Startup/startup_samd09.o
 .debug_macro   0x00009300       0x40 Device_Startup/startup_samd09.o
 .debug_macro   0x00009340      0x273 Device_Startup/startup_samd09.o
 .debug_macro   0x000095b3      0x5a4 Device_Startup/startup_samd09.o
 .debug_macro   0x00009b57       0x5f Device_Startup/startup_samd09.o
 .debug_macro   0x00009bb6      0x232 Device_Startup/system_samd09.o
 .debug_macro   0x00009de8      0x3d8 src/ASF/common/utils/interrupt/interrupt_sam_nvic.o
 .debug_macro   0x0000a1c0      0x166 src/ASF/common/utils/interrupt/interrupt_sam_nvic.o
 .debug_macro   0x0000a326      0x644 src/ASF/common/utils/interrupt/interrupt_sam_nvic.o
 .debug_macro   0x0000a96a       0x10 src/ASF/common/utils/interrupt/interrupt_sam_nvic.o
 .debug_macro   0x0000a97a       0x76 src/ASF/common/utils/interrupt/interrupt_sam_nvic.o
 .debug_macro   0x0000a9f0       0x16 src/ASF/common/utils/interrupt/interrupt_sam_nvic.o
 .debug_macro   0x0000aa06      0x6e5 src/ASF/common/utils/interrupt/interrupt_sam_nvic.o
 .debug_macro   0x0000b0eb      0xde2 src/ASF/common/utils/interrupt/interrupt_sam_nvic.o
 .debug_macro   0x0000becd       0x22 src/ASF/common/utils/interrupt/interrupt_sam_nvic.o
 .debug_macro   0x0000beef       0x40 src/ASF/common/utils/interrupt/interrupt_sam_nvic.o
 .debug_macro   0x0000bf2f       0x58 src/ASF/common/utils/interrupt/interrupt_sam_nvic.o
 .debug_macro   0x0000bf87       0x35 src/ASF/common/utils/interrupt/interrupt_sam_nvic.o
 .debug_macro   0x0000bfbc       0x9c src/ASF/common/utils/interrupt/interrupt_sam_nvic.o
 .debug_macro   0x0000c058       0x16 src/ASF/common/utils/interrupt/interrupt_sam_nvic.o
 .debug_macro   0x0000c06e       0x35 src/ASF/common/utils/interrupt/interrupt_sam_nvic.o
 .debug_macro   0x0000c0a3      0x29d src/ASF/common/utils/interrupt/interrupt_sam_nvic.o
 .debug_macro   0x0000c340       0x10 src/ASF/common/utils/interrupt/interrupt_sam_nvic.o
 .debug_macro   0x0000c350       0x52 src/ASF/common/utils/interrupt/interrupt_sam_nvic.o
 .debug_macro   0x0000c3a2       0x16 src/ASF/common/utils/interrupt/interrupt_sam_nvic.o
 .debug_macro   0x0000c3b8       0x43 src/ASF/common/utils/interrupt/interrupt_sam_nvic.o
 .debug_macro   0x0000c3fb      0x180 src/ASF/common/utils/interrupt/interrupt_sam_nvic.o
 .debug_macro   0x0000c57b       0x10 src/ASF/common/utils/interrupt/interrupt_sam_nvic.o
 .debug_macro   0x0000c58b       0x22 src/ASF/common/utils/interrupt/interrupt_sam_nvic.o
 .debug_macro   0x0000c5ad       0xbe src/ASF/common/utils/interrupt/interrupt_sam_nvic.o
 .debug_macro   0x0000c66b       0x16 src/ASF/common/utils/interrupt/interrupt_sam_nvic.o
 .debug_macro   0x0000c681      0x197 src/ASF/common/utils/interrupt/interrupt_sam_nvic.o
 .debug_macro   0x0000c818       0x16 src/ASF/common/utils/interrupt/interrupt_sam_nvic.o
 .debug_macro   0x0000c82e       0x16 src/ASF/common/utils/interrupt/interrupt_sam_nvic.o
 .debug_macro   0x0000c844       0x29 src/ASF/common/utils/interrupt/interrupt_sam_nvic.o
 .debug_macro   0x0000c86d       0x51 src/ASF/common/utils/interrupt/interrupt_sam_nvic.o
 .debug_macro   0x0000c8be      0x3df src/ASF/common/utils/interrupt/interrupt_sam_nvic.o
 .debug_macro   0x0000cc9d       0x3f src/ASF/common/utils/interrupt/interrupt_sam_nvic.o
 .debug_macro   0x0000ccdc      0x3f4 src/ASF/sam0/drivers/port/port.o
 .debug_macro   0x0000d0d0       0x11 src/ASF/sam0/drivers/port/port.o
 .debug_macro   0x0000d0e1      0x43e src/ASF/sam0/drivers/system/clock/clock_samd09_d10_d11/clock.o
 .debug_macro   0x0000d51f       0x11 src/ASF/sam0/drivers/system/clock/clock_samd09_d10_d11/clock.o
 .debug_macro   0x0000d530      0x234 src/ASF/sam0/drivers/system/clock/clock_samd09_d10_d11/clock.o
 .debug_macro   0x0000d764      0x40e src/ASF/sam0/drivers/system/clock/clock_samd09_d10_d11/gclk.o
 .debug_macro   0x0000db72       0x2e src/ASF/sam0/drivers/system/clock/clock_samd09_d10_d11/gclk.o
 .debug_macro   0x0000dba0      0x3ea src/ASF/sam0/drivers/system/pinmux/pinmux.o
 .debug_macro   0x0000df8a      0x432 src/main.o
 .debug_macro   0x0000e3bc       0x16 src/main.o

.debug_line     0x00000000     0x45bd
 .debug_line    0x00000000      0x5fe Device_Startup/startup_samd09.o
 .debug_line    0x000005fe      0x5df Device_Startup/system_samd09.o
 .debug_line    0x00000bdd      0x821 src/ASF/common/utils/interrupt/interrupt_sam_nvic.o
 .debug_line    0x000013fe      0x84d src/ASF/sam0/drivers/port/port.o
 .debug_line    0x00001c4b      0xb89 src/ASF/sam0/drivers/system/clock/clock_samd09_d10_d11/clock.o
 .debug_line    0x000027d4      0xbbf src/ASF/sam0/drivers/system/clock/clock_samd09_d10_d11/gclk.o
 .debug_line    0x00003393      0x873 src/ASF/sam0/drivers/system/pinmux/pinmux.o
 .debug_line    0x00003c06      0x9b7 src/main.o

.debug_str      0x00000000    0x561df
 .debug_str     0x00000000    0x3e7a8 Device_Startup/startup_samd09.o
                              0x3ea59 (size before relaxing)
 .debug_str     0x0003e7a8       0x6c Device_Startup/system_samd09.o
                              0x3e0fc (size before relaxing)
 .debug_str     0x0003e814    0x14496 src/ASF/common/utils/interrupt/interrupt_sam_nvic.o
                              0x52696 (size before relaxing)
 .debug_str     0x00052caa      0x3da src/ASF/sam0/drivers/port/port.o
                              0x52a4b (size before relaxing)
 .debug_str     0x00053084     0x29af src/ASF/sam0/drivers/system/clock/clock_samd09_d10_d11/clock.o
                              0x55407 (size before relaxing)
 .debug_str     0x00055a33      0x47e src/ASF/sam0/drivers/system/clock/clock_samd09_d10_d11/gclk.o
                              0x5328f (size before relaxing)
 .debug_str     0x00055eb1      0x178 src/ASF/sam0/drivers/system/pinmux/pinmux.o
                              0x52a8d (size before relaxing)
 .debug_str     0x00056029      0x1b6 src/main.o
                              0x53158 (size before relaxing)

.debug_frame    0x00000000      0x480
 .debug_frame   0x00000000       0x38 Device_Startup/startup_samd09.o
 .debug_frame   0x00000038       0x30 Device_Startup/system_samd09.o
 .debug_frame   0x00000068       0x30 src/ASF/common/utils/interrupt/interrupt_sam_nvic.o
 .debug_frame   0x00000098       0x44 src/ASF/sam0/drivers/port/port.o
 .debug_frame   0x000000dc      0x158 src/ASF/sam0/drivers/system/clock/clock_samd09_d10_d11/clock.o
 .debug_frame   0x00000234      0x148 src/ASF/sam0/drivers/system/clock/clock_samd09_d10_d11/gclk.o
 .debug_frame   0x0000037c       0x74 src/ASF/sam0/drivers/system/pinmux/pinmux.o
 .debug_frame   0x000003f0       0x44 src/main.o
 .debug_frame   0x00000434       0x20 c:/program files (x86)/atmel/studio/7.0/toolchain/arm/arm-gnu-toolchain/bin/../lib/gcc/arm-none-eabi/4.9.3/armv6-m\libgcc.a(_udivsi3.o)
 .debug_frame   0x00000454       0x2c c:/program files (x86)/atmel/studio/7.0/toolchain/arm/arm-gnu-toolchain/bin/../lib/gcc/arm-none-eabi/4.9.3/../../../../arm-none-eabi/lib/armv6-m\libc_nano.a(lib_a-init.o)

Cross Reference Table

Symbol                                            File
ADC_Handler                                       Device_Startup/startup_samd09.o
DMAC_Handler                                      Device_Startup/startup_samd09.o
Dummy_Handler                                     Device_Startup/startup_samd09.o
EIC_Handler                                       Device_Startup/startup_samd09.o
EVSYS_Handler                                     Device_Startup/startup_samd09.o
HardFault_Handler                                 Device_Startup/startup_samd09.o
NMI_Handler                                       Device_Startup/startup_samd09.o
NVMCTRL_Handler                                   Device_Startup/startup_samd09.o
PM_Handler                                        Device_Startup/startup_samd09.o
PTC_Handler                                       Device_Startup/startup_samd09.o
PendSV_Handler                                    Device_Startup/startup_samd09.o
RTC_Handler                                       Device_Startup/startup_samd09.o
Reset_Handler                                     Device_Startup/startup_samd09.o
SERCOM0_Handler                                   Device_Startup/startup_samd09.o
SERCOM1_Handler                                   Device_Startup/startup_samd09.o
SVC_Handler                                       Device_Startup/startup_samd09.o
SYSCTRL_Handler                                   Device_Startup/startup_samd09.o
SysTick_Handler                                   src/main.o
                                                  Device_Startup/startup_samd09.o
SystemCoreClock                                   Device_Startup/system_samd09.o
SystemCoreClockUpdate                             Device_Startup/system_samd09.o
SystemInit                                        Device_Startup/system_samd09.o
                                                  src/main.o
TC1_Handler                                       Device_Startup/startup_samd09.o
TC2_Handler                                       Device_Startup/startup_samd09.o
WDT_Handler                                       Device_Startup/startup_samd09.o
_Jv_RegisterClasses                               c:/program files (x86)/atmel/studio/7.0/toolchain/arm/arm-gnu-toolchain/bin/../lib/gcc/arm-none-eabi/4.9.3/armv6-m/crtbegin.o
__aeabi_idiv                                      c:/program files (x86)/atmel/studio/7.0/toolchain/arm/arm-gnu-toolchain/bin/../lib/gcc/arm-none-eabi/4.9.3/armv6-m\libgcc.a(_divsi3.o)
                                                  c:/program files (x86)/atmel/studio/7.0/toolchain/arm/arm-gnu-toolchain/bin/../lib/gcc/arm-none-eabi/4.9.3/../../../../arm-none-eabi/lib/armv6-m\libc_nano.a(lib_a-fvwrite.o)
__aeabi_idiv0                                     c:/program files (x86)/atmel/studio/7.0/toolchain/arm/arm-gnu-toolchain/bin/../lib/gcc/arm-none-eabi/4.9.3/armv6-m\libgcc.a(_dvmd_tls.o)
                                                  c:/program files (x86)/atmel/studio/7.0/toolchain/arm/arm-gnu-toolchain/bin/../lib/gcc/arm-none-eabi/4.9.3/armv6-m\libgcc.a(_divsi3.o)
                                                  c:/program files (x86)/atmel/studio/7.0/toolchain/arm/arm-gnu-toolchain/bin/../lib/gcc/arm-none-eabi/4.9.3/armv6-m\libgcc.a(_udivsi3.o)
__aeabi_idivmod                                   c:/program files (x86)/atmel/studio/7.0/toolchain/arm/arm-gnu-toolchain/bin/../lib/gcc/arm-none-eabi/4.9.3/armv6-m\libgcc.a(_divsi3.o)
__aeabi_ldiv0                                     c:/program files (x86)/atmel/studio/7.0/toolchain/arm/arm-gnu-toolchain/bin/../lib/gcc/arm-none-eabi/4.9.3/armv6-m\libgcc.a(_dvmd_tls.o)
__aeabi_uidiv                                     c:/program files (x86)/atmel/studio/7.0/toolchain/arm/arm-gnu-toolchain/bin/../lib/gcc/arm-none-eabi/4.9.3/armv6-m\libgcc.a(_udivsi3.o)
                                                  c:/program files (x86)/atmel/studio/7.0/toolchain/arm/arm-gnu-toolchain/bin/../lib/gcc/arm-none-eabi/4.9.3/../../../../arm-none-eabi/lib/armv6-m\libc_nano.a(lib_a-nano-vfprintf_i.o)
                                                  src/ASF/sam0/drivers/system/clock/clock_samd09_d10_d11/gclk.o
                                                  src/ASF/sam0/drivers/system/clock/clock_samd09_d10_d11/clock.o
__aeabi_uidivmod                                  c:/program files (x86)/atmel/studio/7.0/toolchain/arm/arm-gnu-toolchain/bin/../lib/gcc/arm-none-eabi/4.9.3/armv6-m\libgcc.a(_udivsi3.o)
                                                  c:/program files (x86)/atmel/studio/7.0/toolchain/arm/arm-gnu-toolchain/bin/../lib/gcc/arm-none-eabi/4.9.3/../../../../arm-none-eabi/lib/armv6-m\libc_nano.a(lib_a-nano-vfprintf_i.o)
                                                  src/main.o
__bss_end__                                       c:/program files (x86)/atmel/studio/7.0/toolchain/arm/arm-gnu-toolchain/bin/../lib/gcc/arm-none-eabi/4.9.3/../../../../arm-none-eabi/lib/armv6-m/crt0.o
__bss_start__                                     c:/program files (x86)/atmel/studio/7.0/toolchain/arm/arm-gnu-toolchain/bin/../lib/gcc/arm-none-eabi/4.9.3/../../../../arm-none-eabi/lib/armv6-m/crt0.o
__call_exitprocs                                  c:/program files (x86)/atmel/studio/7.0/toolchain/arm/arm-gnu-toolchain/bin/../lib/gcc/arm-none-eabi/4.9.3/../../../../arm-none-eabi/lib/armv6-m\libc_nano.a(lib_a-exit.o)
__deregister_frame_info                           c:/program files (x86)/atmel/studio/7.0/toolchain/arm/arm-gnu-toolchain/bin/../lib/gcc/arm-none-eabi/4.9.3/armv6-m/crtbegin.o
__divsi3                                          c:/program files (x86)/atmel/studio/7.0/toolchain/arm/arm-gnu-toolchain/bin/../lib/gcc/arm-none-eabi/4.9.3/armv6-m\libgcc.a(_divsi3.o)
__dso_handle                                      c:/program files (x86)/atmel/studio/7.0/toolchain/arm/arm-gnu-toolchain/bin/../lib/gcc/arm-none-eabi/4.9.3/armv6-m/crtbegin.o
__fp_lock_all                                     c:/program files (x86)/atmel/studio/7.0/toolchain/arm/arm-gnu-toolchain/bin/../lib/gcc/arm-none-eabi/4.9.3/../../../../arm-none-eabi/lib/armv6-m\libc_nano.a(lib_a-findfp.o)
__fp_unlock_all                                   c:/program files (x86)/atmel/studio/7.0/toolchain/arm/arm-gnu-toolchain/bin/../lib/gcc/arm-none-eabi/4.9.3/../../../../arm-none-eabi/lib/armv6-m\libc_nano.a(lib_a-findfp.o)
__init_array_end                                  c:/program files (x86)/atmel/studio/7.0/toolchain/arm/arm-gnu-toolchain/bin/../lib/gcc/arm-none-eabi/4.9.3/../../../../arm-none-eabi/lib/armv6-m\libc_nano.a(lib_a-init.o)
__init_array_start                                c:/program files (x86)/atmel/studio/7.0/toolchain/arm/arm-gnu-toolchain/bin/../lib/gcc/arm-none-eabi/4.9.3/../../../../arm-none-eabi/lib/armv6-m\libc_nano.a(lib_a-init.o)
__libc_fini_array                                 c:/program files (x86)/atmel/studio/7.0/toolchain/arm/arm-gnu-toolchain/bin/../lib/gcc/arm-none-eabi/4.9.3/../../../../arm-none-eabi/lib/armv6-m/crt0.o
__libc_init_array                                 c:/program files (x86)/atmel/studio/7.0/toolchain/arm/arm-gnu-toolchain/bin/../lib/gcc/arm-none-eabi/4.9.3/../../../../arm-none-eabi/lib/armv6-m\libc_nano.a(lib_a-init.o)
                                                  Device_Startup/startup_samd09.o
                                                  c:/program files (x86)/atmel/studio/7.0/toolchain/arm/arm-gnu-toolchain/bin/../lib/gcc/arm-none-eabi/4.9.3/../../../../arm-none-eabi/lib/armv6-m/crt0.o
__malloc_free_list                                c:/program files (x86)/atmel/studio/7.0/toolchain/arm/arm-gnu-toolchain/bin/../lib/gcc/arm-none-eabi/4.9.3/../../../../arm-none-eabi/lib/armv6-m\libc_nano.a(lib_a-nano-mallocr.o)
                                                  c:/program files (x86)/atmel/studio/7.0/toolchain/arm/arm-gnu-toolchain/bin/../lib/gcc/arm-none-eabi/4.9.3/../../../../arm-none-eabi/lib/armv6-m\libc_nano.a(lib_a-nano-freer.o)
__malloc_sbrk_start                               c:/program files (x86)/atmel/studio/7.0/toolchain/arm/arm-gnu-toolchain/bin/../lib/gcc/arm-none-eabi/4.9.3/../../../../arm-none-eabi/lib/armv6-m\libc_nano.a(lib_a-nano-mallocr.o)
__preinit_array_end                               c:/program files (x86)/atmel/studio/7.0/toolchain/arm/arm-gnu-toolchain/bin/../lib/gcc/arm-none-eabi/4.9.3/../../../../arm-none-eabi/lib/armv6-m\libc_nano.a(lib_a-init.o)
__preinit_array_start                             c:/program files (x86)/atmel/studio/7.0/toolchain/arm/arm-gnu-toolchain/bin/../lib/gcc/arm-none-eabi/4.9.3/../../../../arm-none-eabi/lib/armv6-m\libc_nano.a(lib_a-init.o)
__register_frame_info                             c:/program files (x86)/atmel/studio/7.0/toolchain/arm/arm-gnu-toolchain/bin/../lib/gcc/arm-none-eabi/4.9.3/armv6-m/crtbegin.o
__sclose                                          c:/program files (x86)/atmel/studio/7.0/toolchain/arm/arm-gnu-toolchain/bin/../lib/gcc/arm-none-eabi/4.9.3/../../../../arm-none-eabi/lib/armv6-m\libc_nano.a(lib_a-stdio.o)
                                                  c:/program files (x86)/atmel/studio/7.0/toolchain/arm/arm-gnu-toolchain/bin/../lib/gcc/arm-none-eabi/4.9.3/../../../../arm-none-eabi/lib/armv6-m\libc_nano.a(lib_a-findfp.o)
__seofread                                        c:/program files (x86)/atmel/studio/7.0/toolchain/arm/arm-gnu-toolchain/bin/../lib/gcc/arm-none-eabi/4.9.3/../../../../arm-none-eabi/lib/armv6-m\libc_nano.a(lib_a-stdio.o)
__sf_fake_stderr                                  c:/program files (x86)/atmel/studio/7.0/toolchain/arm/arm-gnu-toolchain/bin/../lib/gcc/arm-none-eabi/4.9.3/../../../../arm-none-eabi/lib/armv6-m\libc_nano.a(lib_a-findfp.o)
                                                  c:/program files (x86)/atmel/studio/7.0/toolchain/arm/arm-gnu-toolchain/bin/../lib/gcc/arm-none-eabi/4.9.3/../../../../arm-none-eabi/lib/armv6-m\libc_nano.a(lib_a-fflush.o)
                                                  c:/program files (x86)/atmel/studio/7.0/toolchain/arm/arm-gnu-toolchain/bin/../lib/gcc/arm-none-eabi/4.9.3/../../../../arm-none-eabi/lib/armv6-m\libc_nano.a(lib_a-wsetup.o)
                                                  c:/program files (x86)/atmel/studio/7.0/toolchain/arm/arm-gnu-toolchain/bin/../lib/gcc/arm-none-eabi/4.9.3/../../../../arm-none-eabi/lib/armv6-m\libc_nano.a(lib_a-wbuf.o)
                                                  c:/program files (x86)/atmel/studio/7.0/toolchain/arm/arm-gnu-toolchain/bin/../lib/gcc/arm-none-eabi/4.9.3/../../../../arm-none-eabi/lib/armv6-m\libc_nano.a(lib_a-nano-vfprintf.o)
                                                  c:/program files (x86)/atmel/studio/7.0/toolchain/arm/arm-gnu-toolchain/bin/../lib/gcc/arm-none-eabi/4.9.3/../../../../arm-none-eabi/lib/armv6-m\libc_nano.a(lib_a-impure.o)
__sf_fake_stdin                                   c:/program files (x86)/atmel/studio/7.0/toolchain/arm/arm-gnu-toolchain/bin/../lib/gcc/arm-none-eabi/4.9.3/../../../../arm-none-eabi/lib/armv6-m\libc_nano.a(lib_a-findfp.o)
                                                  c:/program files (x86)/atmel/studio/7.0/toolchain/arm/arm-gnu-toolchain/bin/../lib/gcc/arm-none-eabi/4.9.3/../../../../arm-none-eabi/lib/armv6-m\libc_nano.a(lib_a-fflush.o)
                                                  c:/program files (x86)/atmel/studio/7.0/toolchain/arm/arm-gnu-toolchain/bin/../lib/gcc/arm-none-eabi/4.9.3/../../../../arm-none-eabi/lib/armv6-m\libc_nano.a(lib_a-wsetup.o)
                                                  c:/program files (x86)/atmel/studio/7.0/toolchain/arm/arm-gnu-toolchain/bin/../lib/gcc/arm-none-eabi/4.9.3/../../../../arm-none-eabi/lib/armv6-m\libc_nano.a(lib_a-wbuf.o)
                                                  c:/program files (x86)/atmel/studio/7.0/toolchain/arm/arm-gnu-toolchain/bin/../lib/gcc/arm-none-eabi/4.9.3/../../../../arm-none-eabi/lib/armv6-m\libc_nano.a(lib_a-nano-vfprintf.o)
                                                  c:/program files (x86)/atmel/studio/7.0/toolchain/arm/arm-gnu-toolchain/bin/../lib/gcc/arm-none-eabi/4.9.3/../../../../arm-none-eabi/lib/armv6-m\libc_nano.a(lib_a-impure.o)
__sf_fake_stdout                                  c:/program files (x86)/atmel/studio/7.0/toolchain/arm/arm-gnu-toolchain/bin/../lib/gcc/arm-none-eabi/4.9.3/../../../../arm-none-eabi/lib/armv6-m\libc_nano.a(lib_a-findfp.o)
                                                  c:/program files (x86)/atmel/studio/7.0/toolchain/arm/arm-gnu-toolchain/bin/../lib/gcc/arm-none-eabi/4.9.3/../../../../arm-none-eabi/lib/armv6-m\libc_nano.a(lib_a-fflush.o)
                                                  c:/program files (x86)/atmel/studio/7.0/toolchain/arm/arm-gnu-toolchain/bin/../lib/gcc/arm-none-eabi/4.9.3/../../../../arm-none-eabi/lib/armv6-m\libc_nano.a(lib_a-wsetup.o)
                                                  c:/program files (x86)/atmel/studio/7.0/toolchain/arm/arm-gnu-toolchain/bin/../lib/gcc/arm-none-eabi/4.9.3/../../../../arm-none-eabi/lib/armv6-m\libc_nano.a(lib_a-wbuf.o)
                                                  c:/program files (x86)/atmel/studio/7.0/toolchain/arm/arm-gnu-toolchain/bin/../lib/gcc/arm-none-eabi/4.9.3/../../../../arm-none-eabi/lib/armv6-m\libc_nano.a(lib_a-nano-vfprintf.o)
                                                  c:/program files (x86)/atmel/studio/7.0/toolchain/arm/arm-gnu-toolchain/bin/../lib/gcc/arm-none-eabi/4.9.3/../../../../arm-none-eabi/lib/armv6-m\libc_nano.a(lib_a-impure.o)
__sflush_r                                        c:/program files (x86)/atmel/studio/7.0/toolchain/arm/arm-gnu-toolchain/bin/../lib/gcc/arm-none-eabi/4.9.3/../../../../arm-none-eabi/lib/armv6-m\libc_nano.a(lib_a-fflush.o)
__sfmoreglue                                      c:/program files (x86)/atmel/studio/7.0/toolchain/arm/arm-gnu-toolchain/bin/../lib/gcc/arm-none-eabi/4.9.3/../../../../arm-none-eabi/lib/armv6-m\libc_nano.a(lib_a-findfp.o)
__sfp                                             c:/program files (x86)/atmel/studio/7.0/toolchain/arm/arm-gnu-toolchain/bin/../lib/gcc/arm-none-eabi/4.9.3/../../../../arm-none-eabi/lib/armv6-m\libc_nano.a(lib_a-findfp.o)
__sfp_lock_acquire                                c:/program files (x86)/atmel/studio/7.0/toolchain/arm/arm-gnu-toolchain/bin/../lib/gcc/arm-none-eabi/4.9.3/../../../../arm-none-eabi/lib/armv6-m\libc_nano.a(lib_a-findfp.o)
__sfp_lock_release                                c:/program files (x86)/atmel/studio/7.0/toolchain/arm/arm-gnu-toolchain/bin/../lib/gcc/arm-none-eabi/4.9.3/../../../../arm-none-eabi/lib/armv6-m\libc_nano.a(lib_a-findfp.o)
__sfputs_r                                        c:/program files (x86)/atmel/studio/7.0/toolchain/arm/arm-gnu-toolchain/bin/../lib/gcc/arm-none-eabi/4.9.3/../../../../arm-none-eabi/lib/armv6-m\libc_nano.a(lib_a-nano-vfprintf.o)
__sfvwrite_r                                      c:/program files (x86)/atmel/studio/7.0/toolchain/arm/arm-gnu-toolchain/bin/../lib/gcc/arm-none-eabi/4.9.3/../../../../arm-none-eabi/lib/armv6-m\libc_nano.a(lib_a-fvwrite.o)
                                                  c:/program files (x86)/atmel/studio/7.0/toolchain/arm/arm-gnu-toolchain/bin/../lib/gcc/arm-none-eabi/4.9.3/../../../../arm-none-eabi/lib/armv6-m\libc_nano.a(lib_a-nano-vfprintf.o)
__sinit                                           c:/program files (x86)/atmel/studio/7.0/toolchain/arm/arm-gnu-toolchain/bin/../lib/gcc/arm-none-eabi/4.9.3/../../../../arm-none-eabi/lib/armv6-m\libc_nano.a(lib_a-findfp.o)
                                                  c:/program files (x86)/atmel/studio/7.0/toolchain/arm/arm-gnu-toolchain/bin/../lib/gcc/arm-none-eabi/4.9.3/../../../../arm-none-eabi/lib/armv6-m\libc_nano.a(lib_a-fflush.o)
                                                  c:/program files (x86)/atmel/studio/7.0/toolchain/arm/arm-gnu-toolchain/bin/../lib/gcc/arm-none-eabi/4.9.3/../../../../arm-none-eabi/lib/armv6-m\libc_nano.a(lib_a-wsetup.o)
                                                  c:/program files (x86)/atmel/studio/7.0/toolchain/arm/arm-gnu-toolchain/bin/../lib/gcc/arm-none-eabi/4.9.3/../../../../arm-none-eabi/lib/armv6-m\libc_nano.a(lib_a-wbuf.o)
                                                  c:/program files (x86)/atmel/studio/7.0/toolchain/arm/arm-gnu-toolchain/bin/../lib/gcc/arm-none-eabi/4.9.3/../../../../arm-none-eabi/lib/armv6-m\libc_nano.a(lib_a-nano-vfprintf.o)
                                                  c:/program files (x86)/atmel/studio/7.0/toolchain/arm/arm-gnu-toolchain/bin/../lib/gcc/arm-none-eabi/4.9.3/../../../../arm-none-eabi/lib/armv6-m\libc_nano.a(lib_a-printf.o)
__sinit_lock_acquire                              c:/program files (x86)/atmel/studio/7.0/toolchain/arm/arm-gnu-toolchain/bin/../lib/gcc/arm-none-eabi/4.9.3/../../../../arm-none-eabi/lib/armv6-m\libc_nano.a(lib_a-findfp.o)
__sinit_lock_release                              c:/program files (x86)/atmel/studio/7.0/toolchain/arm/arm-gnu-toolchain/bin/../lib/gcc/arm-none-eabi/4.9.3/../../../../arm-none-eabi/lib/armv6-m\libc_nano.a(lib_a-findfp.o)
__smakebuf_r                                      c:/program files (x86)/atmel/studio/7.0/toolchain/arm/arm-gnu-toolchain/bin/../lib/gcc/arm-none-eabi/4.9.3/../../../../arm-none-eabi/lib/armv6-m\libc_nano.a(lib_a-makebuf.o)
                                                  c:/program files (x86)/atmel/studio/7.0/toolchain/arm/arm-gnu-toolchain/bin/../lib/gcc/arm-none-eabi/4.9.3/../../../../arm-none-eabi/lib/armv6-m\libc_nano.a(lib_a-wsetup.o)
__sprint_r                                        c:/program files (x86)/atmel/studio/7.0/toolchain/arm/arm-gnu-toolchain/bin/../lib/gcc/arm-none-eabi/4.9.3/../../../../arm-none-eabi/lib/armv6-m\libc_nano.a(lib_a-nano-vfprintf.o)
__sread                                           c:/program files (x86)/atmel/studio/7.0/toolchain/arm/arm-gnu-toolchain/bin/../lib/gcc/arm-none-eabi/4.9.3/../../../../arm-none-eabi/lib/armv6-m\libc_nano.a(lib_a-stdio.o)
                                                  c:/program files (x86)/atmel/studio/7.0/toolchain/arm/arm-gnu-toolchain/bin/../lib/gcc/arm-none-eabi/4.9.3/../../../../arm-none-eabi/lib/armv6-m\libc_nano.a(lib_a-findfp.o)
__sseek                                           c:/program files (x86)/atmel/studio/7.0/toolchain/arm/arm-gnu-toolchain/bin/../lib/gcc/arm-none-eabi/4.9.3/../../../../arm-none-eabi/lib/armv6-m\libc_nano.a(lib_a-stdio.o)
                                                  c:/program files (x86)/atmel/studio/7.0/toolchain/arm/arm-gnu-toolchain/bin/../lib/gcc/arm-none-eabi/4.9.3/../../../../arm-none-eabi/lib/armv6-m\libc_nano.a(lib_a-findfp.o)
__stack                                           c:/program files (x86)/atmel/studio/7.0/toolchain/arm/arm-gnu-toolchain/bin/../lib/gcc/arm-none-eabi/4.9.3/../../../../arm-none-eabi/lib/armv6-m/crt0.o
__swbuf                                           c:/program files (x86)/atmel/studio/7.0/toolchain/arm/arm-gnu-toolchain/bin/../lib/gcc/arm-none-eabi/4.9.3/../../../../arm-none-eabi/lib/armv6-m\libc_nano.a(lib_a-wbuf.o)
__swbuf_r                                         c:/program files (x86)/atmel/studio/7.0/toolchain/arm/arm-gnu-toolchain/bin/../lib/gcc/arm-none-eabi/4.9.3/../../../../arm-none-eabi/lib/armv6-m\libc_nano.a(lib_a-wbuf.o)
                                                  c:/program files (x86)/atmel/studio/7.0/toolchain/arm/arm-gnu-toolchain/bin/../lib/gcc/arm-none-eabi/4.9.3/../../../../arm-none-eabi/lib/armv6-m\libc_nano.a(lib_a-nano-vfprintf.o)
__swrite                                          c:/program files (x86)/atmel/studio/7.0/toolchain/arm/arm-gnu-toolchain/bin/../lib/gcc/arm-none-eabi/4.9.3/../../../../arm-none-eabi/lib/armv6-m\libc_nano.a(lib_a-stdio.o)
                                                  c:/program files (x86)/atmel/studio/7.0/toolchain/arm/arm-gnu-toolchain/bin/../lib/gcc/arm-none-eabi/4.9.3/../../../../arm-none-eabi/lib/armv6-m\libc_nano.a(lib_a-findfp.o)
__swsetup_r                                       c:/program files (x86)/atmel/studio/7.0/toolchain/arm/arm-gnu-toolchain/bin/../lib/gcc/arm-none-eabi/4.9.3/../../../../arm-none-eabi/lib/armv6-m\libc_nano.a(lib_a-wsetup.o)
                                                  c:/program files (x86)/atmel/studio/7.0/toolchain/arm/arm-gnu-toolchain/bin/../lib/gcc/arm-none-eabi/4.9.3/../../../../arm-none-eabi/lib/armv6-m\libc_nano.a(lib_a-fvwrite.o)
                                                  c:/program files (x86)/atmel/studio/7.0/toolchain/arm/arm-gnu-toolchain/bin/../lib/gcc/arm-none-eabi/4.9.3/../../../../arm-none-eabi/lib/armv6-m\libc_nano.a(lib_a-wbuf.o)
                                                  c:/program files (x86)/atmel/studio/7.0/toolchain/arm/arm-gnu-toolchain/bin/../lib/gcc/arm-none-eabi/4.9.3/../../../../arm-none-eabi/lib/armv6-m\libc_nano.a(lib_a-nano-vfprintf.o)
__udivsi3                                         c:/program files (x86)/atmel/studio/7.0/toolchain/arm/arm-gnu-toolchain/bin/../lib/gcc/arm-none-eabi/4.9.3/armv6-m\libgcc.a(_udivsi3.o)
_cleanup                                          c:/program files (x86)/atmel/studio/7.0/toolchain/arm/arm-gnu-toolchain/bin/../lib/gcc/arm-none-eabi/4.9.3/../../../../arm-none-eabi/lib/armv6-m\libc_nano.a(lib_a-findfp.o)
_cleanup_r                                        c:/program files (x86)/atmel/studio/7.0/toolchain/arm/arm-gnu-toolchain/bin/../lib/gcc/arm-none-eabi/4.9.3/../../../../arm-none-eabi/lib/armv6-m\libc_nano.a(lib_a-findfp.o)
                                                  c:/program files (x86)/atmel/studio/7.0/toolchain/arm/arm-gnu-toolchain/bin/../lib/gcc/arm-none-eabi/4.9.3/../../../../arm-none-eabi/lib/armv6-m\libc_nano.a(lib_a-makebuf.o)
_close                                            src/ASF/sam0/utils/syscalls/gcc/syscalls.o
                                                  c:/program files (x86)/atmel/studio/7.0/toolchain/arm/arm-gnu-toolchain/bin/../lib/gcc/arm-none-eabi/4.9.3/../../../../arm-none-eabi/lib/armv6-m\libc_nano.a(lib_a-closer.o)
_close_r                                          c:/program files (x86)/atmel/studio/7.0/toolchain/arm/arm-gnu-toolchain/bin/../lib/gcc/arm-none-eabi/4.9.3/../../../../arm-none-eabi/lib/armv6-m\libc_nano.a(lib_a-closer.o)
                                                  c:/program files (x86)/atmel/studio/7.0/toolchain/arm/arm-gnu-toolchain/bin/../lib/gcc/arm-none-eabi/4.9.3/../../../../arm-none-eabi/lib/armv6-m\libc_nano.a(lib_a-stdio.o)
_end                                              src/ASF/sam0/utils/syscalls/gcc/syscalls.o
_erelocate                                        Device_Startup/startup_samd09.o
_estack                                           Device_Startup/startup_samd09.o
_etext                                            Device_Startup/startup_samd09.o
_exit                                             src/ASF/sam0/utils/syscalls/gcc/syscalls.o
                                                  c:/program files (x86)/atmel/studio/7.0/toolchain/arm/arm-gnu-toolchain/bin/../lib/gcc/arm-none-eabi/4.9.3/../../../../arm-none-eabi/lib/armv6-m\libc_nano.a(lib_a-exit.o)
_ezero                                            Device_Startup/startup_samd09.o
_fflush_r                                         c:/program files (x86)/atmel/studio/7.0/toolchain/arm/arm-gnu-toolchain/bin/../lib/gcc/arm-none-eabi/4.9.3/../../../../arm-none-eabi/lib/armv6-m\libc_nano.a(lib_a-fflush.o)
                                                  c:/program files (x86)/atmel/studio/7.0/toolchain/arm/arm-gnu-toolchain/bin/../lib/gcc/arm-none-eabi/4.9.3/../../../../arm-none-eabi/lib/armv6-m\libc_nano.a(lib_a-fvwrite.o)
                                                  c:/program files (x86)/atmel/studio/7.0/toolchain/arm/arm-gnu-toolchain/bin/../lib/gcc/arm-none-eabi/4.9.3/../../../../arm-none-eabi/lib/armv6-m\libc_nano.a(lib_a-wbuf.o)
                                                  c:/program files (x86)/atmel/studio/7.0/toolchain/arm/arm-gnu-toolchain/bin/../lib/gcc/arm-none-eabi/4.9.3/../../../../arm-none-eabi/lib/armv6-m\libc_nano.a(lib_a-findfp.o)
_fini                                             c:/program files (x86)/atmel/studio/7.0/toolchain/arm/arm-gnu-toolchain/bin/../lib/gcc/arm-none-eabi/4.9.3/armv6-m/crti.o
_free_r                                           c:/program files (x86)/atmel/studio/7.0/toolchain/arm/arm-gnu-toolchain/bin/../lib/gcc/arm-none-eabi/4.9.3/../../../../arm-none-eabi/lib/armv6-m\libc_nano.a(lib_a-nano-freer.o)
                                                  c:/program files (x86)/atmel/studio/7.0/toolchain/arm/arm-gnu-toolchain/bin/../lib/gcc/arm-none-eabi/4.9.3/../../../../arm-none-eabi/lib/armv6-m\libc_nano.a(lib_a-reent.o)
                                                  c:/program files (x86)/atmel/studio/7.0/toolchain/arm/arm-gnu-toolchain/bin/../lib/gcc/arm-none-eabi/4.9.3/../../../../arm-none-eabi/lib/armv6-m\libc_nano.a(lib_a-nano-reallocr.o)
                                                  c:/program files (x86)/atmel/studio/7.0/toolchain/arm/arm-gnu-toolchain/bin/../lib/gcc/arm-none-eabi/4.9.3/../../../../arm-none-eabi/lib/armv6-m\libc_nano.a(lib_a-fvwrite.o)
                                                  c:/program files (x86)/atmel/studio/7.0/toolchain/arm/arm-gnu-toolchain/bin/../lib/gcc/arm-none-eabi/4.9.3/../../../../arm-none-eabi/lib/armv6-m\libc_nano.a(lib_a-fflush.o)
                                                  c:/program files (x86)/atmel/studio/7.0/toolchain/arm/arm-gnu-toolchain/bin/../lib/gcc/arm-none-eabi/4.9.3/../../../../arm-none-eabi/lib/armv6-m\libc_nano.a(lib_a-wsetup.o)
_fstat                                            src/ASF/sam0/utils/syscalls/gcc/syscalls.o
                                                  c:/program files (x86)/atmel/studio/7.0/toolchain/arm/arm-gnu-toolchain/bin/../lib/gcc/arm-none-eabi/4.9.3/../../../../arm-none-eabi/lib/armv6-m\libc_nano.a(lib_a-fstatr.o)
_fstat_r                                          c:/program files (x86)/atmel/studio/7.0/toolchain/arm/arm-gnu-toolchain/bin/../lib/gcc/arm-none-eabi/4.9.3/../../../../arm-none-eabi/lib/armv6-m\libc_nano.a(lib_a-fstatr.o)
                                                  c:/program files (x86)/atmel/studio/7.0/toolchain/arm/arm-gnu-toolchain/bin/../lib/gcc/arm-none-eabi/4.9.3/../../../../arm-none-eabi/lib/armv6-m\libc_nano.a(lib_a-makebuf.o)
_fwalk                                            c:/program files (x86)/atmel/studio/7.0/toolchain/arm/arm-gnu-toolchain/bin/../lib/gcc/arm-none-eabi/4.9.3/../../../../arm-none-eabi/lib/armv6-m\libc_nano.a(lib_a-fwalk.o)
                                                  c:/program files (x86)/atmel/studio/7.0/toolchain/arm/arm-gnu-toolchain/bin/../lib/gcc/arm-none-eabi/4.9.3/../../../../arm-none-eabi/lib/armv6-m\libc_nano.a(lib_a-findfp.o)
_fwalk_reent                                      c:/program files (x86)/atmel/studio/7.0/toolchain/arm/arm-gnu-toolchain/bin/../lib/gcc/arm-none-eabi/4.9.3/../../../../arm-none-eabi/lib/armv6-m\libc_nano.a(lib_a-fwalk.o)
                                                  c:/program files (x86)/atmel/studio/7.0/toolchain/arm/arm-gnu-toolchain/bin/../lib/gcc/arm-none-eabi/4.9.3/../../../../arm-none-eabi/lib/armv6-m\libc_nano.a(lib_a-fflush.o)
                                                  c:/program files (x86)/atmel/studio/7.0/toolchain/arm/arm-gnu-toolchain/bin/../lib/gcc/arm-none-eabi/4.9.3/../../../../arm-none-eabi/lib/armv6-m\libc_nano.a(lib_a-findfp.o)
_getpid                                           src/ASF/sam0/utils/syscalls/gcc/syscalls.o
_global_impure_ptr                                c:/program files (x86)/atmel/studio/7.0/toolchain/arm/arm-gnu-toolchain/bin/../lib/gcc/arm-none-eabi/4.9.3/../../../../arm-none-eabi/lib/armv6-m\libc_nano.a(lib_a-impure.o)
                                                  c:/program files (x86)/atmel/studio/7.0/toolchain/arm/arm-gnu-toolchain/bin/../lib/gcc/arm-none-eabi/4.9.3/../../../../arm-none-eabi/lib/armv6-m\libc_nano.a(lib_a-fflush.o)
                                                  c:/program files (x86)/atmel/studio/7.0/toolchain/arm/arm-gnu-toolchain/bin/../lib/gcc/arm-none-eabi/4.9.3/../../../../arm-none-eabi/lib/armv6-m\libc_nano.a(lib_a-findfp.o)
                                                  c:/program files (x86)/atmel/studio/7.0/toolchain/arm/arm-gnu-toolchain/bin/../lib/gcc/arm-none-eabi/4.9.3/../../../../arm-none-eabi/lib/armv6-m\libc_nano.a(lib_a-exit.o)
_impure_ptr                                       c:/program files (x86)/atmel/studio/7.0/toolchain/arm/arm-gnu-toolchain/bin/../lib/gcc/arm-none-eabi/4.9.3/../../../../arm-none-eabi/lib/armv6-m\libc_nano.a(lib_a-impure.o)
                                                  c:/program files (x86)/atmel/studio/7.0/toolchain/arm/arm-gnu-toolchain/bin/../lib/gcc/arm-none-eabi/4.9.3/../../../../arm-none-eabi/lib/armv6-m\libc_nano.a(lib_a-reent.o)
                                                  c:/program files (x86)/atmel/studio/7.0/toolchain/arm/arm-gnu-toolchain/bin/../lib/gcc/arm-none-eabi/4.9.3/../../../../arm-none-eabi/lib/armv6-m\libc_nano.a(lib_a-fflush.o)
                                                  c:/program files (x86)/atmel/studio/7.0/toolchain/arm/arm-gnu-toolchain/bin/../lib/gcc/arm-none-eabi/4.9.3/../../../../arm-none-eabi/lib/armv6-m\libc_nano.a(lib_a-wsetup.o)
                                                  c:/program files (x86)/atmel/studio/7.0/toolchain/arm/arm-gnu-toolchain/bin/../lib/gcc/arm-none-eabi/4.9.3/../../../../arm-none-eabi/lib/armv6-m\libc_nano.a(lib_a-wbuf.o)
                                                  c:/program files (x86)/atmel/studio/7.0/toolchain/arm/arm-gnu-toolchain/bin/../lib/gcc/arm-none-eabi/4.9.3/../../../../arm-none-eabi/lib/armv6-m\libc_nano.a(lib_a-nano-vfprintf.o)
                                                  c:/program files (x86)/atmel/studio/7.0/toolchain/arm/arm-gnu-toolchain/bin/../lib/gcc/arm-none-eabi/4.9.3/../../../../arm-none-eabi/lib/armv6-m\libc_nano.a(lib_a-findfp.o)
                                                  c:/program files (x86)/atmel/studio/7.0/toolchain/arm/arm-gnu-toolchain/bin/../lib/gcc/arm-none-eabi/4.9.3/../../../../arm-none-eabi/lib/armv6-m\libc_nano.a(lib_a-printf.o)
_init                                             c:/program files (x86)/atmel/studio/7.0/toolchain/arm/arm-gnu-toolchain/bin/../lib/gcc/arm-none-eabi/4.9.3/armv6-m/crti.o
                                                  c:/program files (x86)/atmel/studio/7.0/toolchain/arm/arm-gnu-toolchain/bin/../lib/gcc/arm-none-eabi/4.9.3/../../../../arm-none-eabi/lib/armv6-m\libc_nano.a(lib_a-init.o)
_iprintf_r                                        c:/program files (x86)/atmel/studio/7.0/toolchain/arm/arm-gnu-toolchain/bin/../lib/gcc/arm-none-eabi/4.9.3/../../../../arm-none-eabi/lib/armv6-m\libc_nano.a(lib_a-printf.o)
_isatty                                           src/ASF/sam0/utils/syscalls/gcc/syscalls.o
                                                  c:/program files (x86)/atmel/studio/7.0/toolchain/arm/arm-gnu-toolchain/bin/../lib/gcc/arm-none-eabi/4.9.3/../../../../arm-none-eabi/lib/armv6-m\libc_nano.a(lib_a-isattyr.o)
_isatty_r                                         c:/program files (x86)/atmel/studio/7.0/toolchain/arm/arm-gnu-toolchain/bin/../lib/gcc/arm-none-eabi/4.9.3/../../../../arm-none-eabi/lib/armv6-m\libc_nano.a(lib_a-isattyr.o)
                                                  c:/program files (x86)/atmel/studio/7.0/toolchain/arm/arm-gnu-toolchain/bin/../lib/gcc/arm-none-eabi/4.9.3/../../../../arm-none-eabi/lib/armv6-m\libc_nano.a(lib_a-makebuf.o)
_kill                                             src/ASF/sam0/utils/syscalls/gcc/syscalls.o
_lseek                                            src/ASF/sam0/utils/syscalls/gcc/syscalls.o
                                                  c:/program files (x86)/atmel/studio/7.0/toolchain/arm/arm-gnu-toolchain/bin/../lib/gcc/arm-none-eabi/4.9.3/../../../../arm-none-eabi/lib/armv6-m\libc_nano.a(lib_a-lseekr.o)
_lseek_r                                          c:/program files (x86)/atmel/studio/7.0/toolchain/arm/arm-gnu-toolchain/bin/../lib/gcc/arm-none-eabi/4.9.3/../../../../arm-none-eabi/lib/armv6-m\libc_nano.a(lib_a-lseekr.o)
                                                  c:/program files (x86)/atmel/studio/7.0/toolchain/arm/arm-gnu-toolchain/bin/../lib/gcc/arm-none-eabi/4.9.3/../../../../arm-none-eabi/lib/armv6-m\libc_nano.a(lib_a-stdio.o)
_mainCRTStartup                                   c:/program files (x86)/atmel/studio/7.0/toolchain/arm/arm-gnu-toolchain/bin/../lib/gcc/arm-none-eabi/4.9.3/../../../../arm-none-eabi/lib/armv6-m/crt0.o
_malloc_r                                         c:/program files (x86)/atmel/studio/7.0/toolchain/arm/arm-gnu-toolchain/bin/../lib/gcc/arm-none-eabi/4.9.3/../../../../arm-none-eabi/lib/armv6-m\libc_nano.a(lib_a-nano-mallocr.o)
                                                  c:/program files (x86)/atmel/studio/7.0/toolchain/arm/arm-gnu-toolchain/bin/../lib/gcc/arm-none-eabi/4.9.3/../../../../arm-none-eabi/lib/armv6-m\libc_nano.a(lib_a-nano-reallocr.o)
                                                  c:/program files (x86)/atmel/studio/7.0/toolchain/arm/arm-gnu-toolchain/bin/../lib/gcc/arm-none-eabi/4.9.3/../../../../arm-none-eabi/lib/armv6-m\libc_nano.a(lib_a-makebuf.o)
                                                  c:/program files (x86)/atmel/studio/7.0/toolchain/arm/arm-gnu-toolchain/bin/../lib/gcc/arm-none-eabi/4.9.3/../../../../arm-none-eabi/lib/armv6-m\libc_nano.a(lib_a-fvwrite.o)
                                                  c:/program files (x86)/atmel/studio/7.0/toolchain/arm/arm-gnu-toolchain/bin/../lib/gcc/arm-none-eabi/4.9.3/../../../../arm-none-eabi/lib/armv6-m\libc_nano.a(lib_a-findfp.o)
_malloc_usable_size_r                             c:/program files (x86)/atmel/studio/7.0/toolchain/arm/arm-gnu-toolchain/bin/../lib/gcc/arm-none-eabi/4.9.3/../../../../arm-none-eabi/lib/armv6-m\libc_nano.a(lib_a-nano-msizer.o)
                                                  c:/program files (x86)/atmel/studio/7.0/toolchain/arm/arm-gnu-toolchain/bin/../lib/gcc/arm-none-eabi/4.9.3/../../../../arm-none-eabi/lib/armv6-m\libc_nano.a(lib_a-nano-reallocr.o)
_printf_common                                    c:/program files (x86)/atmel/studio/7.0/toolchain/arm/arm-gnu-toolchain/bin/../lib/gcc/arm-none-eabi/4.9.3/../../../../arm-none-eabi/lib/armv6-m\libc_nano.a(lib_a-nano-vfprintf_i.o)
_printf_float                                     c:/program files (x86)/atmel/studio/7.0/toolchain/arm/arm-gnu-toolchain/bin/../lib/gcc/arm-none-eabi/4.9.3/../../../../arm-none-eabi/lib/armv6-m\libc_nano.a(lib_a-nano-vfprintf.o)
_printf_i                                         c:/program files (x86)/atmel/studio/7.0/toolchain/arm/arm-gnu-toolchain/bin/../lib/gcc/arm-none-eabi/4.9.3/../../../../arm-none-eabi/lib/armv6-m\libc_nano.a(lib_a-nano-vfprintf_i.o)
                                                  c:/program files (x86)/atmel/studio/7.0/toolchain/arm/arm-gnu-toolchain/bin/../lib/gcc/arm-none-eabi/4.9.3/../../../../arm-none-eabi/lib/armv6-m\libc_nano.a(lib_a-nano-vfprintf.o)
_printf_r                                         c:/program files (x86)/atmel/studio/7.0/toolchain/arm/arm-gnu-toolchain/bin/../lib/gcc/arm-none-eabi/4.9.3/../../../../arm-none-eabi/lib/armv6-m\libc_nano.a(lib_a-printf.o)
_read                                             c:/program files (x86)/atmel/studio/7.0/toolchain/arm/arm-gnu-toolchain/bin/../lib/gcc/arm-none-eabi/4.9.3/../../../../arm-none-eabi/lib/armv6-m\libc_nano.a(lib_a-readr.o)
_read_r                                           c:/program files (x86)/atmel/studio/7.0/toolchain/arm/arm-gnu-toolchain/bin/../lib/gcc/arm-none-eabi/4.9.3/../../../../arm-none-eabi/lib/armv6-m\libc_nano.a(lib_a-readr.o)
                                                  c:/program files (x86)/atmel/studio/7.0/toolchain/arm/arm-gnu-toolchain/bin/../lib/gcc/arm-none-eabi/4.9.3/../../../../arm-none-eabi/lib/armv6-m\libc_nano.a(lib_a-stdio.o)
_realloc_r                                        c:/program files (x86)/atmel/studio/7.0/toolchain/arm/arm-gnu-toolchain/bin/../lib/gcc/arm-none-eabi/4.9.3/../../../../arm-none-eabi/lib/armv6-m\libc_nano.a(lib_a-nano-reallocr.o)
                                                  c:/program files (x86)/atmel/studio/7.0/toolchain/arm/arm-gnu-toolchain/bin/../lib/gcc/arm-none-eabi/4.9.3/../../../../arm-none-eabi/lib/armv6-m\libc_nano.a(lib_a-fvwrite.o)
_reclaim_reent                                    c:/program files (x86)/atmel/studio/7.0/toolchain/arm/arm-gnu-toolchain/bin/../lib/gcc/arm-none-eabi/4.9.3/../../../../arm-none-eabi/lib/armv6-m\libc_nano.a(lib_a-reent.o)
_sbrk                                             src/ASF/sam0/utils/syscalls/gcc/syscalls.o
                                                  c:/program files (x86)/atmel/studio/7.0/toolchain/arm/arm-gnu-toolchain/bin/../lib/gcc/arm-none-eabi/4.9.3/../../../../arm-none-eabi/lib/armv6-m\libc_nano.a(lib_a-sbrkr.o)
_sbrk_r                                           c:/program files (x86)/atmel/studio/7.0/toolchain/arm/arm-gnu-toolchain/bin/../lib/gcc/arm-none-eabi/4.9.3/../../../../arm-none-eabi/lib/armv6-m\libc_nano.a(lib_a-sbrkr.o)
                                                  c:/program files (x86)/atmel/studio/7.0/toolchain/arm/arm-gnu-toolchain/bin/../lib/gcc/arm-none-eabi/4.9.3/../../../../arm-none-eabi/lib/armv6-m\libc_nano.a(lib_a-nano-mallocr.o)
_sfixed                                           Device_Startup/startup_samd09.o
_srelocate                                        Device_Startup/startup_samd09.o
_start                                            c:/program files (x86)/atmel/studio/7.0/toolchain/arm/arm-gnu-toolchain/bin/../lib/gcc/arm-none-eabi/4.9.3/../../../../arm-none-eabi/lib/armv6-m/crt0.o
_system_divas_init                                src/ASF/sam0/drivers/system/system.o
_system_dummy_init                                src/ASF/sam0/drivers/system/system.o
_system_events_init                               src/ASF/sam0/drivers/system/system.o
_system_extint_init                               src/ASF/sam0/drivers/system/system.o
_szero                                            Device_Startup/startup_samd09.o
_vfiprintf_r                                      c:/program files (x86)/atmel/studio/7.0/toolchain/arm/arm-gnu-toolchain/bin/../lib/gcc/arm-none-eabi/4.9.3/../../../../arm-none-eabi/lib/armv6-m\libc_nano.a(lib_a-nano-vfprintf.o)
_vfprintf_r                                       c:/program files (x86)/atmel/studio/7.0/toolchain/arm/arm-gnu-toolchain/bin/../lib/gcc/arm-none-eabi/4.9.3/../../../../arm-none-eabi/lib/armv6-m\libc_nano.a(lib_a-nano-vfprintf.o)
                                                  c:/program files (x86)/atmel/studio/7.0/toolchain/arm/arm-gnu-toolchain/bin/../lib/gcc/arm-none-eabi/4.9.3/../../../../arm-none-eabi/lib/armv6-m\libc_nano.a(lib_a-printf.o)
_write                                            c:/program files (x86)/atmel/studio/7.0/toolchain/arm/arm-gnu-toolchain/bin/../lib/gcc/arm-none-eabi/4.9.3/../../../../arm-none-eabi/lib/armv6-m\libc_nano.a(lib_a-writer.o)
_write_r                                          c:/program files (x86)/atmel/studio/7.0/toolchain/arm/arm-gnu-toolchain/bin/../lib/gcc/arm-none-eabi/4.9.3/../../../../arm-none-eabi/lib/armv6-m\libc_nano.a(lib_a-writer.o)
                                                  c:/program files (x86)/atmel/studio/7.0/toolchain/arm/arm-gnu-toolchain/bin/../lib/gcc/arm-none-eabi/4.9.3/../../../../arm-none-eabi/lib/armv6-m\libc_nano.a(lib_a-stdio.o)
atexit                                            c:/program files (x86)/atmel/studio/7.0/toolchain/arm/arm-gnu-toolchain/bin/../lib/gcc/arm-none-eabi/4.9.3/../../../../arm-none-eabi/lib/armv6-m/crt0.o
cleanup_glue                                      c:/program files (x86)/atmel/studio/7.0/toolchain/arm/arm-gnu-toolchain/bin/../lib/gcc/arm-none-eabi/4.9.3/../../../../arm-none-eabi/lib/armv6-m\libc_nano.a(lib_a-reent.o)
counter                                           src/main.o
cpu_irq_enter_critical                            src/ASF/common/utils/interrupt/interrupt_sam_nvic.o
                                                  src/ASF/sam0/drivers/system/clock/clock_samd09_d10_d11/gclk.o
cpu_irq_leave_critical                            src/ASF/common/utils/interrupt/interrupt_sam_nvic.o
                                                  src/ASF/sam0/drivers/system/clock/clock_samd09_d10_d11/gclk.o
errno                                             c:/program files (x86)/atmel/studio/7.0/toolchain/arm/arm-gnu-toolchain/bin/../lib/gcc/arm-none-eabi/4.9.3/../../../../arm-none-eabi/lib/armv6-m\libc_nano.a(lib_a-reent.o)
                                                  c:/program files (x86)/atmel/studio/7.0/toolchain/arm/arm-gnu-toolchain/bin/../lib/gcc/arm-none-eabi/4.9.3/../../../../arm-none-eabi/lib/armv6-m\libc_nano.a(lib_a-isattyr.o)
                                                  c:/program files (x86)/atmel/studio/7.0/toolchain/arm/arm-gnu-toolchain/bin/../lib/gcc/arm-none-eabi/4.9.3/../../../../arm-none-eabi/lib/armv6-m\libc_nano.a(lib_a-fstatr.o)
                                                  c:/program files (x86)/atmel/studio/7.0/toolchain/arm/arm-gnu-toolchain/bin/../lib/gcc/arm-none-eabi/4.9.3/../../../../arm-none-eabi/lib/armv6-m\libc_nano.a(lib_a-readr.o)
                                                  c:/program files (x86)/atmel/studio/7.0/toolchain/arm/arm-gnu-toolchain/bin/../lib/gcc/arm-none-eabi/4.9.3/../../../../arm-none-eabi/lib/armv6-m\libc_nano.a(lib_a-lseekr.o)
                                                  c:/program files (x86)/atmel/studio/7.0/toolchain/arm/arm-gnu-toolchain/bin/../lib/gcc/arm-none-eabi/4.9.3/../../../../arm-none-eabi/lib/armv6-m\libc_nano.a(lib_a-closer.o)
                                                  c:/program files (x86)/atmel/studio/7.0/toolchain/arm/arm-gnu-toolchain/bin/../lib/gcc/arm-none-eabi/4.9.3/../../../../arm-none-eabi/lib/armv6-m\libc_nano.a(lib_a-writer.o)
                                                  c:/program files (x86)/atmel/studio/7.0/toolchain/arm/arm-gnu-toolchain/bin/../lib/gcc/arm-none-eabi/4.9.3/../../../../arm-none-eabi/lib/armv6-m\libc_nano.a(lib_a-sbrkr.o)
exception_table                                   Device_Startup/startup_samd09.o
exit                                              c:/program files (x86)/atmel/studio/7.0/toolchain/arm/arm-gnu-toolchain/bin/../lib/gcc/arm-none-eabi/4.9.3/../../../../arm-none-eabi/lib/armv6-m\libc_nano.a(lib_a-exit.o)
                                                  c:/program files (x86)/atmel/studio/7.0/toolchain/arm/arm-gnu-toolchain/bin/../lib/gcc/arm-none-eabi/4.9.3/../../../../arm-none-eabi/lib/armv6-m/crt0.o
fflush                                            c:/program files (x86)/atmel/studio/7.0/toolchain/arm/arm-gnu-toolchain/bin/../lib/gcc/arm-none-eabi/4.9.3/../../../../arm-none-eabi/lib/armv6-m\libc_nano.a(lib_a-fflush.o)
g_interrupt_enabled                               src/ASF/common/utils/interrupt/interrupt_sam_nvic.o
hardware_init_hook                                c:/program files (x86)/atmel/studio/7.0/toolchain/arm/arm-gnu-toolchain/bin/../lib/gcc/arm-none-eabi/4.9.3/../../../../arm-none-eabi/lib/armv6-m/crt0.o
iprintf                                           c:/program files (x86)/atmel/studio/7.0/toolchain/arm/arm-gnu-toolchain/bin/../lib/gcc/arm-none-eabi/4.9.3/../../../../arm-none-eabi/lib/armv6-m\libc_nano.a(lib_a-printf.o)
link                                              src/ASF/sam0/utils/syscalls/gcc/syscalls.o
main                                              src/main.o
                                                  Device_Startup/startup_samd09.o
                                                  c:/program files (x86)/atmel/studio/7.0/toolchain/arm/arm-gnu-toolchain/bin/../lib/gcc/arm-none-eabi/4.9.3/../../../../arm-none-eabi/lib/armv6-m/crt0.o
memchr                                            c:/program files (x86)/atmel/studio/7.0/toolchain/arm/arm-gnu-toolchain/bin/../lib/gcc/arm-none-eabi/4.9.3/../../../../arm-none-eabi/lib/armv6-m\libc_nano.a(lib_a-memchr.o)
                                                  c:/program files (x86)/atmel/studio/7.0/toolchain/arm/arm-gnu-toolchain/bin/../lib/gcc/arm-none-eabi/4.9.3/../../../../arm-none-eabi/lib/armv6-m\libc_nano.a(lib_a-fvwrite.o)
                                                  c:/program files (x86)/atmel/studio/7.0/toolchain/arm/arm-gnu-toolchain/bin/../lib/gcc/arm-none-eabi/4.9.3/../../../../arm-none-eabi/lib/armv6-m\libc_nano.a(lib_a-nano-vfprintf_i.o)
                                                  c:/program files (x86)/atmel/studio/7.0/toolchain/arm/arm-gnu-toolchain/bin/../lib/gcc/arm-none-eabi/4.9.3/../../../../arm-none-eabi/lib/armv6-m\libc_nano.a(lib_a-nano-vfprintf.o)
memcpy                                            c:/program files (x86)/atmel/studio/7.0/toolchain/arm/arm-gnu-toolchain/bin/../lib/gcc/arm-none-eabi/4.9.3/../../../../arm-none-eabi/lib/armv6-m\libc_nano.a(lib_a-memcpy.o)
                                                  c:/program files (x86)/atmel/studio/7.0/toolchain/arm/arm-gnu-toolchain/bin/../lib/gcc/arm-none-eabi/4.9.3/../../../../arm-none-eabi/lib/armv6-m\libc_nano.a(lib_a-nano-reallocr.o)
                                                  c:/program files (x86)/atmel/studio/7.0/toolchain/arm/arm-gnu-toolchain/bin/../lib/gcc/arm-none-eabi/4.9.3/../../../../arm-none-eabi/lib/armv6-m\libc_nano.a(lib_a-fvwrite.o)
memmove                                           c:/program files (x86)/atmel/studio/7.0/toolchain/arm/arm-gnu-toolchain/bin/../lib/gcc/arm-none-eabi/4.9.3/../../../../arm-none-eabi/lib/armv6-m\libc_nano.a(lib_a-memmove.o)
                                                  c:/program files (x86)/atmel/studio/7.0/toolchain/arm/arm-gnu-toolchain/bin/../lib/gcc/arm-none-eabi/4.9.3/../../../../arm-none-eabi/lib/armv6-m\libc_nano.a(lib_a-fvwrite.o)
memset                                            c:/program files (x86)/atmel/studio/7.0/toolchain/arm/arm-gnu-toolchain/bin/../lib/gcc/arm-none-eabi/4.9.3/../../../../arm-none-eabi/lib/armv6-m\libc_nano.a(lib_a-memset.o)
                                                  c:/program files (x86)/atmel/studio/7.0/toolchain/arm/arm-gnu-toolchain/bin/../lib/gcc/arm-none-eabi/4.9.3/../../../../arm-none-eabi/lib/armv6-m\libc_nano.a(lib_a-findfp.o)
                                                  c:/program files (x86)/atmel/studio/7.0/toolchain/arm/arm-gnu-toolchain/bin/../lib/gcc/arm-none-eabi/4.9.3/../../../../arm-none-eabi/lib/armv6-m/crt0.o
port_group_set_config                             src/ASF/sam0/drivers/port/port.o
                                                  src/main.o
port_pin_set_config                               src/ASF/sam0/drivers/port/port.o
                                                  src/main.o
printf                                            c:/program files (x86)/atmel/studio/7.0/toolchain/arm/arm-gnu-toolchain/bin/../lib/gcc/arm-none-eabi/4.9.3/../../../../arm-none-eabi/lib/armv6-m\libc_nano.a(lib_a-printf.o)
                                                  src/ASF/sam0/utils/syscalls/gcc/syscalls.o
software_init_hook                                c:/program files (x86)/atmel/studio/7.0/toolchain/arm/arm-gnu-toolchain/bin/../lib/gcc/arm-none-eabi/4.9.3/../../../../arm-none-eabi/lib/armv6-m/crt0.o
system_board_init                                 src/ASF/sam0/drivers/system/system.o
system_clock_init                                 src/ASF/sam0/drivers/system/clock/clock_samd09_d10_d11/clock.o
                                                  src/main.o
system_clock_source_dfll_set_config               src/ASF/sam0/drivers/system/clock/clock_samd09_d10_d11/clock.o
system_clock_source_disable                       src/ASF/sam0/drivers/system/clock/clock_samd09_d10_d11/clock.o
system_clock_source_dpll_set_config               src/ASF/sam0/drivers/system/clock/clock_samd09_d10_d11/clock.o
system_clock_source_enable                        src/ASF/sam0/drivers/system/clock/clock_samd09_d10_d11/clock.o
system_clock_source_get_hz                        src/ASF/sam0/drivers/system/clock/clock_samd09_d10_d11/clock.o
                                                  src/ASF/sam0/drivers/system/clock/clock_samd09_d10_d11/gclk.o
system_clock_source_is_ready                      src/ASF/sam0/drivers/system/clock/clock_samd09_d10_d11/clock.o
system_clock_source_osc32k_set_config             src/ASF/sam0/drivers/system/clock/clock_samd09_d10_d11/clock.o
system_clock_source_osc8m_set_config              src/ASF/sam0/drivers/system/clock/clock_samd09_d10_d11/clock.o
system_clock_source_write_calibration             src/ASF/sam0/drivers/system/clock/clock_samd09_d10_d11/clock.o
system_clock_source_xosc32k_set_config            src/ASF/sam0/drivers/system/clock/clock_samd09_d10_d11/clock.o
system_clock_source_xosc_set_config               src/ASF/sam0/drivers/system/clock/clock_samd09_d10_d11/clock.o
system_gclk_chan_disable                          src/ASF/sam0/drivers/system/clock/clock_samd09_d10_d11/gclk.o
system_gclk_chan_enable                           src/ASF/sam0/drivers/system/clock/clock_samd09_d10_d11/gclk.o
system_gclk_chan_get_hz                           src/ASF/sam0/drivers/system/clock/clock_samd09_d10_d11/gclk.o
                                                  src/ASF/sam0/drivers/system/clock/clock_samd09_d10_d11/clock.o
system_gclk_chan_is_enabled                       src/ASF/sam0/drivers/system/clock/clock_samd09_d10_d11/gclk.o
system_gclk_chan_is_locked                        src/ASF/sam0/drivers/system/clock/clock_samd09_d10_d11/gclk.o
system_gclk_chan_lock                             src/ASF/sam0/drivers/system/clock/clock_samd09_d10_d11/gclk.o
system_gclk_chan_set_config                       src/ASF/sam0/drivers/system/clock/clock_samd09_d10_d11/gclk.o
                                                  src/ASF/sam0/drivers/system/clock/clock_samd09_d10_d11/clock.o
system_gclk_gen_disable                           src/ASF/sam0/drivers/system/clock/clock_samd09_d10_d11/gclk.o
system_gclk_gen_enable                            src/ASF/sam0/drivers/system/clock/clock_samd09_d10_d11/gclk.o
                                                  src/ASF/sam0/drivers/system/clock/clock_samd09_d10_d11/clock.o
system_gclk_gen_get_hz                            src/ASF/sam0/drivers/system/clock/clock_samd09_d10_d11/gclk.o
system_gclk_gen_is_enabled                        src/ASF/sam0/drivers/system/clock/clock_samd09_d10_d11/gclk.o
system_gclk_gen_set_config                        src/ASF/sam0/drivers/system/clock/clock_samd09_d10_d11/gclk.o
                                                  src/ASF/sam0/drivers/system/clock/clock_samd09_d10_d11/clock.o
system_gclk_init                                  src/ASF/sam0/drivers/system/clock/clock_samd09_d10_d11/gclk.o
                                                  src/ASF/sam0/drivers/system/clock/clock_samd09_d10_d11/clock.o
system_init                                       src/ASF/sam0/drivers/system/system.o
system_interrupt_clear_pending                    src/ASF/sam0/drivers/system/interrupt/system_interrupt.o
system_interrupt_get_priority                     src/ASF/sam0/drivers/system/interrupt/system_interrupt.o
system_interrupt_is_pending                       src/ASF/sam0/drivers/system/interrupt/system_interrupt.o
system_interrupt_set_pending                      src/ASF/sam0/drivers/system/interrupt/system_interrupt.o
system_interrupt_set_priority                     src/ASF/sam0/drivers/system/interrupt/system_interrupt.o
system_pinmux_group_set_config                    src/ASF/sam0/drivers/system/pinmux/pinmux.o
                                                  src/ASF/sam0/drivers/port/port.o
system_pinmux_group_set_input_sample_mode         src/ASF/sam0/drivers/system/pinmux/pinmux.o
system_pinmux_pin_set_config                      src/ASF/sam0/drivers/system/pinmux/pinmux.o
                                                  src/ASF/sam0/drivers/port/port.o
vfiprintf                                         c:/program files (x86)/atmel/studio/7.0/toolchain/arm/arm-gnu-toolchain/bin/../lib/gcc/arm-none-eabi/4.9.3/../../../../arm-none-eabi/lib/armv6-m\libc_nano.a(lib_a-nano-vfprintf.o)
vfprintf                                          c:/program files (x86)/atmel/studio/7.0/toolchain/arm/arm-gnu-toolchain/bin/../lib/gcc/arm-none-eabi/4.9.3/../../../../arm-none-eabi/lib/armv6-m\libc_nano.a(lib_a-nano-vfprintf.o)
